Archive member included to satisfy reference by file (symbol)

d:/nxp/mcuxpressoide_11.6.1_8255/ide/plugins/com.nxp.mcuxpresso.tools.win32_11.6.1.202207200623/tools/bin/../lib/gcc/arm-none-eabi/10.3.1/../../../../arm-none-eabi/lib/thumb/v7e-m+fp/hard\libcr_nohost_nf.a(_cr__main.o)
                              ./startup/startup_mk64f12.o (__main)
d:/nxp/mcuxpressoide_11.6.1_8255/ide/plugins/com.nxp.mcuxpresso.tools.win32_11.6.1.202207200623/tools/bin/../lib/gcc/arm-none-eabi/10.3.1/../../../../arm-none-eabi/lib/thumb/v7e-m+fp/hard\libcr_nohost_nf.a(_cr_assert.o)
                              ./drivers/fsl_adc16.o (__assertion_failed)
d:/nxp/mcuxpressoide_11.6.1_8255/ide/plugins/com.nxp.mcuxpresso.tools.win32_11.6.1.202207200623/tools/bin/../lib/gcc/arm-none-eabi/10.3.1/../../../../arm-none-eabi/lib/thumb/v7e-m+fp/hard\libcr_nohost_nf.a(__ciob.o)
                              d:/nxp/mcuxpressoide_11.6.1_8255/ide/plugins/com.nxp.mcuxpresso.tools.win32_11.6.1.202207200623/tools/bin/../lib/gcc/arm-none-eabi/10.3.1/../../../../arm-none-eabi/lib/thumb/v7e-m+fp/hard\libcr_nohost_nf.a(_cr_assert.o) (__Ciob)
d:/nxp/mcuxpressoide_11.6.1_8255/ide/plugins/com.nxp.mcuxpresso.tools.win32_11.6.1.202207200623/tools/bin/../lib/gcc/arm-none-eabi/10.3.1/../../../../arm-none-eabi/lib/thumb/v7e-m+fp/hard\libcr_nohost_nf.a(__sys_appexit.o)
                              d:/nxp/mcuxpressoide_11.6.1_8255/ide/plugins/com.nxp.mcuxpresso.tools.win32_11.6.1.202207200623/tools/bin/../lib/gcc/arm-none-eabi/10.3.1/../../../../arm-none-eabi/lib/thumb/v7e-m+fp/hard\libcr_nohost_nf.a(_cr_assert.o) (__sys_appexit)
d:/nxp/mcuxpressoide_11.6.1_8255/ide/plugins/com.nxp.mcuxpresso.tools.win32_11.6.1.202207200623/tools/bin/../lib/gcc/arm-none-eabi/10.3.1/../../../../arm-none-eabi/lib/thumb/v7e-m+fp/hard\libcr_c.a(memcpy.o)
                              ./utilities/fsl_str.o (memcpy)
d:/nxp/mcuxpressoide_11.6.1_8255/ide/plugins/com.nxp.mcuxpresso.tools.win32_11.6.1.202207200623/tools/bin/../lib/gcc/arm-none-eabi/10.3.1/../../../../arm-none-eabi/lib/thumb/v7e-m+fp/hard\libcr_c.a(memset.o)
                              ./utilities/fsl_debug_console.o (memset)
d:/nxp/mcuxpressoide_11.6.1_8255/ide/plugins/com.nxp.mcuxpresso.tools.win32_11.6.1.202207200623/tools/bin/../lib/gcc/arm-none-eabi/10.3.1/../../../../arm-none-eabi/lib/thumb/v7e-m+fp/hard\libcr_c.a(_deferredlazyseek.o)
                              d:/nxp/mcuxpressoide_11.6.1_8255/ide/plugins/com.nxp.mcuxpresso.tools.win32_11.6.1.202207200623/tools/bin/../lib/gcc/arm-none-eabi/10.3.1/../../../../arm-none-eabi/lib/thumb/v7e-m+fp/hard\libcr_nohost_nf.a(_cr_assert.o) (__flsbuf)
d:/nxp/mcuxpressoide_11.6.1_8255/ide/plugins/com.nxp.mcuxpresso.tools.win32_11.6.1.202207200623/tools/bin/../lib/gcc/arm-none-eabi/10.3.1/../../../../arm-none-eabi/lib/thumb/v7e-m+fp/hard\libcr_c.a(_fflush.o)
                              d:/nxp/mcuxpressoide_11.6.1_8255/ide/plugins/com.nxp.mcuxpresso.tools.win32_11.6.1.202207200623/tools/bin/../lib/gcc/arm-none-eabi/10.3.1/../../../../arm-none-eabi/lib/thumb/v7e-m+fp/hard\libcr_c.a(_deferredlazyseek.o) (_fflush)
d:/nxp/mcuxpressoide_11.6.1_8255/ide/plugins/com.nxp.mcuxpresso.tools.win32_11.6.1.202207200623/tools/bin/../lib/gcc/arm-none-eabi/10.3.1/../../../../arm-none-eabi/lib/thumb/v7e-m+fp/hard\libcr_c.a(_writebuf.o)
                              d:/nxp/mcuxpressoide_11.6.1_8255/ide/plugins/com.nxp.mcuxpresso.tools.win32_11.6.1.202207200623/tools/bin/../lib/gcc/arm-none-eabi/10.3.1/../../../../arm-none-eabi/lib/thumb/v7e-m+fp/hard\libcr_c.a(_deferredlazyseek.o) (_Cwritebuf)
d:/nxp/mcuxpressoide_11.6.1_8255/ide/plugins/com.nxp.mcuxpresso.tools.win32_11.6.1.202207200623/tools/bin/../lib/gcc/arm-none-eabi/10.3.1/../../../../arm-none-eabi/lib/thumb/v7e-m+fp/hard\libcr_c.a(alloc.o)
                              ./drivers/fsl_common.o (malloc)
d:/nxp/mcuxpressoide_11.6.1_8255/ide/plugins/com.nxp.mcuxpresso.tools.win32_11.6.1.202207200623/tools/bin/../lib/gcc/arm-none-eabi/10.3.1/../../../../arm-none-eabi/lib/thumb/v7e-m+fp/hard\libcr_c.a(errno.o)
                              ./utilities/fsl_str.o (errno)
d:/nxp/mcuxpressoide_11.6.1_8255/ide/plugins/com.nxp.mcuxpresso.tools.win32_11.6.1.202207200623/tools/bin/../lib/gcc/arm-none-eabi/10.3.1/../../../../arm-none-eabi/lib/thumb/v7e-m+fp/hard\libcr_c.a(fputs.o)
                              d:/nxp/mcuxpressoide_11.6.1_8255/ide/plugins/com.nxp.mcuxpresso.tools.win32_11.6.1.202207200623/tools/bin/../lib/gcc/arm-none-eabi/10.3.1/../../../../arm-none-eabi/lib/thumb/v7e-m+fp/hard\libcr_nohost_nf.a(_cr_assert.o) (fputs)
d:/nxp/mcuxpressoide_11.6.1_8255/ide/plugins/com.nxp.mcuxpresso.tools.win32_11.6.1.202207200623/tools/bin/../lib/gcc/arm-none-eabi/10.3.1/../../../../arm-none-eabi/lib/thumb/v7e-m+fp/hard\libcr_c.a(fseek.o)
[...]
Memory Configuration

Name             Origin             Length             Attributes
PROGRAM_FLASH    0x00000000         0x00100000         xr
SRAM_UPPER       0x20000000         0x00030000         xrw
SRAM_LOWER       0x1fff0000         0x00010000         xrw
FLEX_RAM         0x14000000         0x00001000         xrw
*default*        0x00000000         0xffffffff

Linker script and memory map

LOAD ./utilities/fsl_debug_console.o
LOAD ./utilities/fsl_str.o
LOAD ./startup/startup_mk64f12.o
LOAD ./source/FlexCAN_Test.o
LOAD ./source/semihost_hardfault.o
LOAD ./drivers/fsl_adc16.o
LOAD ./drivers/fsl_clock.o
LOAD ./drivers/fsl_common.o
LOAD ./drivers/fsl_common_arm.o
LOAD ./drivers/fsl_flexcan.o
LOAD ./drivers/fsl_gpio.o
LOAD ./drivers/fsl_i2c.o
LOAD ./drivers/fsl_pit.o
LOAD ./drivers/fsl_smc.o
LOAD ./drivers/fsl_uart.o
LOAD ./device/system_MK64F12.o
LOAD ./component/uart/fsl_adapter_uart.o
LOAD ./component/serial_manager/fsl_component_serial_manager.o
LOAD ./component/serial_manager/fsl_component_serial_port_uart.o
LOAD ./component/lists/fsl_component_generic_list.o
LOAD ./board/board.o
LOAD ./board/clock_config.o
LOAD ./board/peripherals.o
LOAD ./board/pin_mux.o
START GROUP
LOAD d:/nxp/mcuxpressoide_11.6.1_8255/ide/plugins/com.nxp.mcuxpresso.tools.win32_11.6.1.202207200623/tools/bin/../lib/gcc/arm-none-eabi/10.3.1/../../../../arm-none-eabi/lib/thumb/v7e-m+fp/hard\libcr_nohost_nf.a
LOAD d:/nxp/mcuxpressoide_11.6.1_8255/ide/plugins/com.nxp.mcuxpresso.tools.win32_11.6.1.202207200623/tools/bin/../lib/gcc/arm-none-eabi/10.3.1/../../../../arm-none-eabi/lib/thumb/v7e-m+fp/hard\libcr_c.a
LOAD d:/nxp/mcuxpressoide_11.6.1_8255/ide/plugins/com.nxp.mcuxpresso.tools.win32_11.6.1.202207200623/tools/bin/../lib/gcc/arm-none-eabi/10.3.1/thumb/v7e-m+fp/hard\libcr_eabihelpers.a
LOAD d:/nxp/mcuxpressoide_11.6.1_8255/ide/plugins/com.nxp.mcuxpresso.tools.win32_11.6.1.202207200623/tools/bin/../lib/gcc/arm-none-eabi/10.3.1/thumb/v7e-m+fp/hard\libgcc.a
END GROUP
                0x00000000                __base_PROGRAM_FLASH = 0x0
                0x00000000                __base_Flash = 0x0
                0x00100000                __top_PROGRAM_FLASH = 0x100000
                0x00100000                __top_Flash = 0x100000
                0x20000000                __base_SRAM_UPPER = 0x20000000
                0x20000000                __base_RAM = 0x20000000
                0x20030000                __top_SRAM_UPPER = 0x20030000
                0x20030000                __top_RAM = 0x20030000
                0x1fff0000                __base_SRAM_LOWER = 0x1fff0000
                0x1fff0000                __base_RAM2 = 0x1fff0000
                0x20000000                __top_SRAM_LOWER = 0x20000000
                0x20000000                __top_RAM2 = 0x20000000
                0x14000000                __base_FLEX_RAM = 0x14000000
                0x14000000                __base_RAM3 = 0x14000000
                0x14001000                __top_FLEX_RAM = 0x14001000
                0x14001000                __top_RAM3 = 0x14001000

.text           0x00000000     0x5738
 FILL mask 0xff
                0x00000000                __vectors_start__ = ABSOLUTE (.)
 *(SORT_BY_ALIGNMENT(.isr_vector))
 .isr_vector    0x00000000      0x198 ./startup/startup_mk64f12.o
                0x00000000                g_pfnVectors
                0x00000000                __Vectors
                0x00000198                . = ALIGN (0x4)
                0x00000198                __section_table_start = .
                0x00000198                __data_section_table = .
                0x00000198        0x4 LONG 0x5738 LOADADDR (.data)
                0x0000019c        0x4 LONG 0x20000000 ADDR (.data)
                0x000001a0        0x4 LONG 0x10 SIZEOF (.data)
                0x000001a4        0x4 LONG 0x5738 LOADADDR (.data_RAM2)
                0x000001a8        0x4 LONG 0x1fff0000 ADDR (.data_RAM2)
                0x000001ac        0x4 LONG 0x0 SIZEOF (.data_RAM2)
                0x000001b0        0x4 LONG 0x5738 LOADADDR (.data_RAM3)
                0x000001b4        0x4 LONG 0x14000000 ADDR (.data_RAM3)
                0x000001b8        0x4 LONG 0x0 SIZEOF (.data_RAM3)
                0x000001bc                __data_section_table_end = .
                0x000001bc                __bss_section_table = .
                0x000001bc        0x4 LONG 0x20000010 ADDR (.bss)
                0x000001c0        0x4 LONG 0x158 SIZEOF (.bss)
                0x000001c4        0x4 LONG 0x1fff0000 ADDR (.bss_RAM2)
                0x000001c8        0x4 LONG 0x0 SIZEOF (.bss_RAM2)
                0x000001cc        0x4 LONG 0x14000000 ADDR (.bss_RAM3)
                0x000001d0        0x4 LONG 0x0 SIZEOF (.bss_RAM3)
                0x000001d4                __bss_section_table_end = .
                0x000001d4                __section_table_end = .
 *(SORT_BY_ALIGNMENT(.after_vectors*))
 .after_vectors.reset
                0x000001d4       0x4c ./startup/startup_mk64f12.o
                0x000001d4                ResetISR
 .after_vectors.init_data
                0x00000220       0x1e ./startup/startup_mk64f12.o
                0x00000220                data_init
 .after_vectors.init_bss
                0x0000023e       0x12 ./startup/startup_mk64f12.o
                0x0000023e                bss_init
 .after_vectors
                0x00000250       0x14 ./startup/startup_mk64f12.o
                0x00000250                NMI_Handler
                0x00000254                MemManage_Handler
                0x00000256                BusFault_Handler
                0x00000258                UsageFault_Handler
                0x0000025a                SVC_Handler
                0x0000025c                DebugMon_Handler
                0x0000025e                PendSV_Handler
                0x00000260                SysTick_Handler
                0x00000262                DMA_Error_DriverIRQHandler
                0x00000262                LPTMR0_DriverIRQHandler
                0x00000262                FTM1_DriverIRQHandler
                0x00000262                FTM2_DriverIRQHandler
                0x00000262                PIT2_DriverIRQHandler
                0x00000262                SDHC_DriverIRQHandler
                0x00000262                I2S0_Tx_DriverIRQHandler
                0x00000262                RTC_Seconds_DriverIRQHandler
                0x00000262                DMA6_DriverIRQHandler
                0x00000262                LLWU_DriverIRQHandler
                0x00000262                MCM_DriverIRQHandler
                0x00000262                MCG_DriverIRQHandler
                0x00000262                ENET_1588_Timer_DriverIRQHandler
                0x00000262                DAC1_DriverIRQHandler
                0x00000262                SPI1_DriverIRQHandler
                0x00000262                CMP1_DriverIRQHandler
                0x00000262                FTM0_DriverIRQHandler
                0x00000262                IntDefaultHandler
                0x00000262                USB0_DriverIRQHandler
                0x00000262                UART5_ERR_DriverIRQHandler
                0x00000262                PORTC_DriverIRQHandler
                0x00000262                DMA11_DriverIRQHandler
                0x00000262                DAC0_DriverIRQHandler
                0x00000262                DMA10_DriverIRQHandler
                0x00000262                CMP2_DriverIRQHandler
                0x00000262                UART2_ERR_DriverIRQHandler
                0x00000262                SPI2_DriverIRQHandler
                0x00000262                LVD_LVW_DriverIRQHandler
                0x00000262                DMA12_DriverIRQHandler
                0x00000262                RNG_DriverIRQHandler
                0x00000262                DMA5_DriverIRQHandler
                0x00000262                DMA4_DriverIRQHandler
                0x00000262                USBDCD_DriverIRQHandler
                0x00000262                UART3_ERR_DriverIRQHandler
                0x00000262                DMA3_DriverIRQHandler
                0x00000262                DMA8_DriverIRQHandler
                0x00000262                DMA9_DriverIRQHandler
                0x00000262                UART0_ERR_DriverIRQHandler
                0x00000262                CMT_DriverIRQHandler
                0x00000262                Reserved71_DriverIRQHandler
                0x00000262                ADC1_DriverIRQHandler
                0x00000262                PORTA_DriverIRQHandler
                0x00000262                DMA14_DriverIRQHandler
                0x00000262                PIT3_DriverIRQHandler
                0x00000262                PIT1_DriverIRQHandler
                0x00000262                WDOG_EWM_DriverIRQHandler
                0x00000262                PDB0_DriverIRQHandler
                0x00000262                RTC_DriverIRQHandler
                0x00000262                I2S0_Rx_DriverIRQHandler
                0x00000262                Read_Collision_DriverIRQHandler
                0x00000262                SWI_DriverIRQHandler
                0x00000262                UART4_ERR_DriverIRQHandler
                0x00000262                PORTB_DriverIRQHandler
                0x00000262                UART0_LON_DriverIRQHandler
                0x00000262                DMA0_DriverIRQHandler
                0x00000262                DMA1_DriverIRQHandler
                0x00000262                ENET_Receive_DriverIRQHandler
                0x00000262                DMA13_DriverIRQHandler
                0x00000262                ENET_Error_DriverIRQHandler
                0x00000262                DMA15_DriverIRQHandler
                0x00000262                SPI0_DriverIRQHandler
                0x00000262                ADC0_DriverIRQHandler
                0x00000262                CMP0_DriverIRQHandler
                0x00000262                FTM3_DriverIRQHandler
                0x00000262                PIT0_DriverIRQHandler
                0x00000262                UART1_ERR_DriverIRQHandler
                0x00000262                DMA2_DriverIRQHandler
                0x00000262                ENET_Transmit_DriverIRQHandler
                0x00000262                PORTD_DriverIRQHandler
                0x00000262                PORTE_DriverIRQHandler
                0x00000262                FTFE_DriverIRQHandler
                0x00000262                DMA7_DriverIRQHandler
                0x00000400                . = 0x400
 *fill*         0x00000264      0x19c ff
                0x00000400                PROVIDE (__FLASH_CONFIG_START__ = .)
 *(SORT_BY_ALIGNMENT(.FlashConfig))
 .FlashConfig   0x00000400       0x10 ./startup/startup_mk64f12.o
                0x00000400                Flash_Config
                0x00000410                PROVIDE (__FLASH_CONFIG_END__ = .)
                0x00000001                ASSERT (! ((__FLASH_CONFIG_START__ == __FLASH_CONFIG_END__)), Linker Flash Config Support Enabled, but no .FlashConfig section provided within application)
 *(SORT_BY_ALIGNMENT(.text*))
 .text.DbgConsole_SendDataReliable
                0x00000410       0x54 ./utilities/fsl_debug_console.o
                0x00000410                DbgConsole_SendDataReliable
 .text.DbgConsole_Init
                0x00000464      0x118 ./utilities/fsl_debug_console.o
                0x00000464                DbgConsole_Init
 .text.DbgConsole_Vprintf
                0x0000057c       0x6c ./utilities/fsl_debug_console.o
                0x0000057c                DbgConsole_Vprintf
 .text.CAN0_ORed_Message_buffer_IRQHandler
                0x000005e8       0x40 ./source/FlexCAN_Test.o
                0x000005e8                CAN0_ORed_Message_buffer_IRQHandler
 .text.PIT0_IRQHandler
                0x00000628       0x5c ./source/FlexCAN_Test.o
                0x00000628                PIT0_IRQHandler
 .text.main     0x00000684      0x1b8 ./source/FlexCAN_Test.o
                0x00000684                main
 .text.CLOCK_SetEr32kClock
                0x0000083c       0x30 ./drivers/fsl_clock.o
 .text.CLOCK_SetPllFllSelClock
                0x0000086c       0x38 ./drivers/fsl_clock.o
 .text.CLOCK_GetMcgExtClkFreq
                0x000008a4       0x7c ./drivers/fsl_clock.o
 .text.CLOCK_GetFllExtRefClkFreq
                0x00000920       0xb0 ./drivers/fsl_clock.o
 .text.CLOCK_GetInternalRefClkSelectFreq
                0x000009d0       0x4c ./drivers/fsl_clock.o
 .text.CLOCK_GetFllRefClkFreq
                0x00000a1c       0x34 ./drivers/fsl_clock.o
 .text.CLOCK_GetOscRangeFromFreq
                0x00000a50       0x3c ./drivers/fsl_clock.o
 .text.CLOCK_GetCoreSysClkFreq
                0x00000a8c       0x28 ./drivers/fsl_clock.o
                0x00000a8c                CLOCK_GetCoreSysClkFreq
 .text.CLOCK_SetSimConfig
                0x00000ab4       0x34 ./drivers/fsl_clock.o
                0x00000ab4                CLOCK_SetSimConfig
 .text.CLOCK_EnableUsbfs0Clock
                0x00000ae8      0x108 ./drivers/fsl_clock.o
                0x00000ae8                CLOCK_EnableUsbfs0Clock
 .text.CLOCK_GetOutClkFreq
                0x00000bf0       0x64 ./drivers/fsl_clock.o
                0x00000bf0                CLOCK_GetOutClkFreq
 .text.CLOCK_GetFllFreq
                0x00000c54       0x84 ./drivers/fsl_clock.o
                0x00000c54                CLOCK_GetFllFreq
 .text.CLOCK_GetPll0Freq
                0x00000cd8       0x78 ./drivers/fsl_clock.o
                0x00000cd8                CLOCK_GetPll0Freq
 .text.CLOCK_SetExternalRefClkConfig
                0x00000d50       0x6c ./drivers/fsl_clock.o
                0x00000d50                CLOCK_SetExternalRefClkConfig
 .text.CLOCK_SetInternalRefClkConfig
                0x00000dbc      0x104 ./drivers/fsl_clock.o
                0x00000dbc                CLOCK_SetInternalRefClkConfig
 .text.CLOCK_EnablePll0
                0x00000ec0       0x88 ./drivers/fsl_clock.o
                0x00000ec0                CLOCK_EnablePll0
 .text.CLOCK_InitOsc0
                0x00000f48       0x8c ./drivers/fsl_clock.o
                0x00000f48                CLOCK_InitOsc0
 .text.CLOCK_SetPbeMode
                0x00000fd4       0xa8 ./drivers/fsl_clock.o
                0x00000fd4                CLOCK_SetPbeMode
 .text.CLOCK_BootToPeeMode
                0x0000107c       0x64 ./drivers/fsl_clock.o
                0x0000107c                CLOCK_BootToPeeMode
 .text.FLEXCAN_GetInstance
                0x000010e0       0x44 ./drivers/fsl_flexcan.o
                0x000010e0                FLEXCAN_GetInstance
 .text.FLEXCAN_Reset
                0x00001124       0xbc ./drivers/fsl_flexcan.o
 .text.FLEXCAN_SetBitRate
                0x000011e0       0xb0 ./drivers/fsl_flexcan.o
 .text.FLEXCAN_Init
                0x00001290      0x1a0 ./drivers/fsl_flexcan.o
                0x00001290                FLEXCAN_Init
 .text.FLEXCAN_SetTimingConfig
                0x00001430       0x7c ./drivers/fsl_flexcan.o
                0x00001430                FLEXCAN_SetTimingConfig
 .text.FLEXCAN_SetTxMbConfig
                0x000014ac       0xa4 ./drivers/fsl_flexcan.o
                0x000014ac                FLEXCAN_SetTxMbConfig
 .text.FLEXCAN_SetRxMbConfig
                0x00001550       0xf8 ./drivers/fsl_flexcan.o
                0x00001550                FLEXCAN_SetRxMbConfig
 .text.FLEXCAN_WriteTxMb
                0x00001648      0x148 ./drivers/fsl_flexcan.o
                0x00001648                FLEXCAN_WriteTxMb
 .text.FLEXCAN_ReadRxMb
                0x00001790      0x124 ./drivers/fsl_flexcan.o
                0x00001790                FLEXCAN_ReadRxMb
 .text.CAN0_DriverIRQHandler
                0x000018b4       0x3c ./drivers/fsl_flexcan.o
                0x000018b4                CAN0_DriverIRQHandler
 .text.I2C_TransferCommonIRQHandler
                0x000018f0       0x58 ./drivers/fsl_i2c.o
 .text.I2C0_DriverIRQHandler
                0x00001948       0x1c ./drivers/fsl_i2c.o
                0x00001948                I2C0_DriverIRQHandler
 .text.I2C1_DriverIRQHandler
                0x00001964       0x1c ./drivers/fsl_i2c.o
                0x00001964                I2C1_DriverIRQHandler
 .text.I2C2_DriverIRQHandler
                0x00001980       0x1c ./drivers/fsl_i2c.o
                0x00001980                I2C2_DriverIRQHandler
 .text.PIT_GetInstance
                0x0000199c       0x44 ./drivers/fsl_pit.o
 .text.PIT_Init
                0x000019e0       0x94 ./drivers/fsl_pit.o
                0x000019e0                PIT_Init
 .text.UART_GetInstance
                0x00001a74       0x54 ./drivers/fsl_uart.o
                0x00001a74                UART_GetInstance
 .text.UART_Init
                0x00001ac8      0x2f4 ./drivers/fsl_uart.o
                0x00001ac8                UART_Init
 .text.UART_GetDefaultConfig
                0x00001dbc       0x68 ./drivers/fsl_uart.o
                0x00001dbc                UART_GetDefaultConfig
 .text.UART0_DriverIRQHandler
                0x00001e24       0x28 ./drivers/fsl_uart.o
                0x00001e24                UART0_DriverIRQHandler
 .text.UART1_DriverIRQHandler
                0x00001e4c       0x28 ./drivers/fsl_uart.o
                0x00001e4c                UART1_DriverIRQHandler
 .text.UART2_DriverIRQHandler
                0x00001e74       0x28 ./drivers/fsl_uart.o
                0x00001e74                UART2_DriverIRQHandler
 .text.UART3_DriverIRQHandler
                0x00001e9c       0x28 ./drivers/fsl_uart.o
                0x00001e9c                UART3_DriverIRQHandler
 .text.UART4_DriverIRQHandler
                0x00001ec4       0x28 ./drivers/fsl_uart.o
                0x00001ec4                UART4_DriverIRQHandler
 .text.UART5_DriverIRQHandler
                0x00001eec       0x28 ./drivers/fsl_uart.o
                0x00001eec                UART5_DriverIRQHandler
 .text.SystemInit
                0x00001f14       0x3c ./device/system_MK64F12.o
                0x00001f14                SystemInit
 .text.HAL_UartInit
                0x00001f50      0x128 ./component/uart/fsl_adapter_uart.o
                0x00001f50                HAL_UartInit
 .text.HAL_UartSendBlocking
                0x00002078       0x64 ./component/uart/fsl_adapter_uart.o
                0x00002078                HAL_UartSendBlocking
 .text.CLOCK_SetSdhc0Clock
                0x000020dc       0x38 ./board/clock_config.o
 .text.CLOCK_SetEnetTime0Clock
                0x00002114       0x38 ./board/clock_config.o
 .text.CLOCK_SetRmii0Clock
                0x0000214c       0x38 ./board/clock_config.o
 .text.CLOCK_SetTraceClock
                0x00002184       0x38 ./board/clock_config.o
 .text.CLOCK_SetClkOutClock
                0x000021bc       0x34 ./board/clock_config.o
 .text.CLOCK_SetSimSafeDivs
                0x000021f0       0x20 ./board/clock_config.o
 .text.CLOCK_SetXtal0Freq
                0x00002210       0x20 ./board/clock_config.o
 .text.CLOCK_CONFIG_SetFllExtRefDiv
                0x00002230       0x3c ./board/clock_config.o
 .text.BOARD_BootClockRUN
                0x0000226c       0x88 ./board/clock_config.o
                0x0000226c                BOARD_BootClockRUN
 .text.__NVIC_EnableIRQ
                0x000022f4       0x3c ./board/peripherals.o
 .text.PIT_SetTimerPeriod
                0x00002330       0x38 ./board/peripherals.o
 .text.CAN0_init
                0x00002368       0x44 ./board/peripherals.o
 .text.PIT_init
                0x000023ac       0x40 ./board/peripherals.o
 .text.PORT_SetPinConfig
                0x000023ec       0x38 ./board/pin_mux.o
 .text.BOARD_InitPins
                0x00002424       0x80 ./board/pin_mux.o
                0x00002424                BOARD_InitPins
 .text.BOARD_InitDEBUG_UARTPins
                0x000024a4       0x68 ./board/pin_mux.o
                0x000024a4                BOARD_InitDEBUG_UARTPins
 .text.__assertion_failed
                0x0000250c       0x4c d:/nxp/mcuxpressoide_11.6.1_8255/ide/plugins/com.nxp.mcuxpresso.tools.win32_11.6.1.202207200623/tools/bin/../lib/gcc/arm-none-eabi/10.3.1/../../../../arm-none-eabi/lib/thumb/v7e-m+fp/hard\libcr_nohost_nf.a(_cr_assert.o)
                0x0000250c                __assertion_failed
 .text._Cwritebuf
                0x00002558       0x6c d:/nxp/mcuxpressoide_11.6.1_8255/ide/plugins/com.nxp.mcuxpresso.tools.win32_11.6.1.202207200623/tools/bin/../lib/gcc/arm-none-eabi/10.3.1/../../../../arm-none-eabi/lib/thumb/v7e-m+fp/hard\libcr_c.a(_writebuf.o)
                0x00002558                _Cwritebuf
 .text.malloc   0x000025c4       0xc8 d:/nxp/mcuxpressoide_11.6.1_8255/ide/plugins/com.nxp.mcuxpresso.tools.win32_11.6.1.202207200623/tools/bin/../lib/gcc/arm-none-eabi/10.3.1/../../../../arm-none-eabi/lib/thumb/v7e-m+fp/hard\libcr_c.a(alloc.o)
                0x000025c4                malloc
 .text._Csys_alloc
                0x0000268c       0x20 d:/nxp/mcuxpressoide_11.6.1_8255/ide/plugins/com.nxp.mcuxpresso.tools.win32_11.6.1.202207200623/tools/bin/../lib/gcc/arm-none-eabi/10.3.1/../../../../arm-none-eabi/lib/thumb/v7e-m+fp/hard\libcr_c.a(alloc.o)
                0x0000268c                _Csys_alloc
 .text.fseek    0x000026ac       0xfc d:/nxp/mcuxpressoide_11.6.1_8255/ide/plugins/com.nxp.mcuxpresso.tools.win32_11.6.1.202207200623/tools/bin/../lib/gcc/arm-none-eabi/10.3.1/../../../../arm-none-eabi/lib/thumb/v7e-m+fp/hard\libcr_c.a(fseek.o)
                0x000026ac                fseek
 .text.ftell    0x000027a8       0x44 d:/nxp/mcuxpressoide_11.6.1_8255/ide/plugins/com.nxp.mcuxpresso.tools.win32_11.6.1.202207200623/tools/bin/../lib/gcc/arm-none-eabi/10.3.1/../../../../arm-none-eabi/lib/thumb/v7e-m+fp/hard\libcr_c.a(ftell.o)
                0x000027a8                ftell
 .text._initio  0x000027ec       0x78 d:/nxp/mcuxpressoide_11.6.1_8255/ide/plugins/com.nxp.mcuxpresso.tools.win32_11.6.1.202207200623/tools/bin/../lib/gcc/arm-none-eabi/10.3.1/../../../../arm-none-eabi/lib/thumb/v7e-m+fp/hard\libcr_c.a(initio.o)
                0x000027ec                _initio
 .text.__vfprintf
                0x00002864      0xbf8 d:/nxp/mcuxpressoide_11.6.1_8255/ide/plugins/com.nxp.mcuxpresso.tools.win32_11.6.1.202207200623/tools/bin/../lib/gcc/arm-none-eabi/10.3.1/../../../../arm-none-eabi/lib/thumb/v7e-m+fp/hard\libcr_c.a(printf.o)
                0x00002864                __vfprintf
 .text._vsnprintf
                0x0000345c       0x68 d:/nxp/mcuxpressoide_11.6.1_8255/ide/plugins/com.nxp.mcuxpresso.tools.win32_11.6.1.202207200623/tools/bin/../lib/gcc/arm-none-eabi/10.3.1/../../../../arm-none-eabi/lib/thumb/v7e-m+fp/hard\libcr_c.a(printf.o)
                0x0000345c                _vsnprintf
 .text._printf  0x000034c4       0x54 d:/nxp/mcuxpressoide_11.6.1_8255/ide/plugins/com.nxp.mcuxpresso.tools.win32_11.6.1.202207200623/tools/bin/../lib/gcc/arm-none-eabi/10.3.1/../../../../arm-none-eabi/lib/thumb/v7e-m+fp/hard\libcr_c.a(printf.o)
                0x000034c4                _printf
 .text._sbrk    0x00003518       0x3c d:/nxp/mcuxpressoide_11.6.1_8255/ide/plugins/com.nxp.mcuxpresso.tools.win32_11.6.1.202207200623/tools/bin/../lib/gcc/arm-none-eabi/10.3.1/../../../../arm-none-eabi/lib/thumb/v7e-m+fp/hard\libcr_c.a(_cr_sbrk.o)
                0x00003518                _sbrk
 .text.fflush   0x00003554       0x3c d:/nxp/mcuxpressoide_11.6.1_8255/ide/plugins/com.nxp.mcuxpresso.tools.win32_11.6.1.202207200623/tools/bin/../lib/gcc/arm-none-eabi/10.3.1/../../../../arm-none-eabi/lib/thumb/v7e-m+fp/hard\libcr_c.a(fflush.o)
                0x00003554                fflush
 .text.__check_heap_overflow
                0x00003590       0x18 d:/nxp/mcuxpressoide_11.6.1_8255/ide/plugins/com.nxp.mcuxpresso.tools.win32_11.6.1.202207200623/tools/bin/../lib/gcc/arm-none-eabi/10.3.1/../../../../arm-none-eabi/lib/thumb/v7e-m+fp/hard\libcr_c.a(_cr_check_heap.o)
                0x00003590                __check_heap_overflow
 .text.DbgConsole_PrintCallback
                0x000035a8       0x66 ./utilities/fsl_debug_console.o
 .text.DbgConsole_Printf
                0x0000360e       0x2c ./utilities/fsl_debug_console.o
                0x0000360e                DbgConsole_Printf
 .text.PrintGetWidth
                0x0000363a       0x6a ./utilities/fsl_str.o
 .text.PrintGetPrecision
                0x000036a4       0x8c ./utilities/fsl_str.o
 .text.PrintIsobpu
                0x00003730       0x38 ./utilities/fsl_str.o
 .text.PrintIsdi
                0x00003768       0x2c ./utilities/fsl_str.o
 .text.PrintOutputdifFobpu
                0x00003794       0x44 ./utilities/fsl_str.o
 .text.PrintOutputxX
                0x000037d8       0x44 ./utilities/fsl_str.o
 .text.PrintIsfF
                0x0000381c       0x2c ./utilities/fsl_str.o
 .text.PrintIsxX
                0x00003848       0x2c ./utilities/fsl_str.o
 .text.PrintFilterLengthFlag
                0x00003874       0x3e ./utilities/fsl_str.o
 .text.PrintGetRadixFromobpu
                0x000038b2       0x40 ./utilities/fsl_str.o
 .text.ConvertRadixNumToString
                0x000038f2       0xc2 ./utilities/fsl_str.o
 .text.StrFormatPrintf
                0x000039b4      0x2ac ./utilities/fsl_str.o
                0x000039b4                StrFormatPrintf
 .text.DMA0_IRQHandler
                0x00003c60        0x8 ./startup/startup_mk64f12.o
                0x00003c60                DMA0_IRQHandler
 .text.DMA1_IRQHandler
                0x00003c68        0x8 ./startup/startup_mk64f12.o
                0x00003c68                DMA1_IRQHandler
 .text.DMA2_IRQHandler
                0x00003c70        0x8 ./startup/startup_mk64f12.o
                0x00003c70                DMA2_IRQHandler
 .text.DMA3_IRQHandler
                0x00003c78        0x8 ./startup/startup_mk64f12.o
                0x00003c78                DMA3_IRQHandler
 .text.DMA4_IRQHandler
                0x00003c80        0x8 ./startup/startup_mk64f12.o
                0x00003c80                DMA4_IRQHandler
 .text.DMA5_IRQHandler
                0x00003c88        0x8 ./startup/startup_mk64f12.o
                0x00003c88                DMA5_IRQHandler
 .text.DMA6_IRQHandler
                0x00003c90        0x8 ./startup/startup_mk64f12.o
                0x00003c90                DMA6_IRQHandler
 .text.DMA7_IRQHandler
                0x00003c98        0x8 ./startup/startup_mk64f12.o
                0x00003c98                DMA7_IRQHandler
 .text.DMA8_IRQHandler
                0x00003ca0        0x8 ./startup/startup_mk64f12.o
                0x00003ca0                DMA8_IRQHandler
 .text.DMA9_IRQHandler
                0x00003ca8        0x8 ./startup/startup_mk64f12.o
                0x00003ca8                DMA9_IRQHandler
 .text.DMA10_IRQHandler
                0x00003cb0        0x8 ./startup/startup_mk64f12.o
                0x00003cb0                DMA10_IRQHandler
 .text.DMA11_IRQHandler
                0x00003cb8        0x8 ./startup/startup_mk64f12.o
                0x00003cb8                DMA11_IRQHandler
 .text.DMA12_IRQHandler
                0x00003cc0        0x8 ./startup/startup_mk64f12.o
                0x00003cc0                DMA12_IRQHandler
 .text.DMA13_IRQHandler
                0x00003cc8        0x8 ./startup/startup_mk64f12.o
                0x00003cc8                DMA13_IRQHandler
 .text.DMA14_IRQHandler
                0x00003cd0        0x8 ./startup/startup_mk64f12.o
                0x00003cd0                DMA14_IRQHandler
 .text.DMA15_IRQHandler
                0x00003cd8        0x8 ./startup/startup_mk64f12.o
                0x00003cd8                DMA15_IRQHandler
 .text.DMA_Error_IRQHandler
                0x00003ce0        0x8 ./startup/startup_mk64f12.o
                0x00003ce0                DMA_Error_IRQHandler
 .text.MCM_IRQHandler
                0x00003ce8        0x8 ./startup/startup_mk64f12.o
                0x00003ce8                MCM_IRQHandler
 .text.FTFE_IRQHandler
                0x00003cf0        0x8 ./startup/startup_mk64f12.o
                0x00003cf0                FTFE_IRQHandler
 .text.Read_Collision_IRQHandler
                0x00003cf8        0x8 ./startup/startup_mk64f12.o
                0x00003cf8                Read_Collision_IRQHandler
 .text.LVD_LVW_IRQHandler
                0x00003d00        0x8 ./startup/startup_mk64f12.o
                0x00003d00                LVD_LVW_IRQHandler
 .text.LLWU_IRQHandler
                0x00003d08        0x8 ./startup/startup_mk64f12.o
                0x00003d08                LLWU_IRQHandler
 .text.WDOG_EWM_IRQHandler
                0x00003d10        0x8 ./startup/startup_mk64f12.o
                0x00003d10                WDOG_EWM_IRQHandler
 .text.RNG_IRQHandler
                0x00003d18        0x8 ./startup/startup_mk64f12.o
                0x00003d18                RNG_IRQHandler
 .text.I2C0_IRQHandler
                0x00003d20        0x8 ./startup/startup_mk64f12.o
                0x00003d20                I2C0_IRQHandler
 .text.I2C1_IRQHandler
                0x00003d28        0x8 ./startup/startup_mk64f12.o
                0x00003d28                I2C1_IRQHandler
 .text.SPI0_IRQHandler
                0x00003d30        0x8 ./startup/startup_mk64f12.o
                0x00003d30                SPI0_IRQHandler
 .text.SPI1_IRQHandler
                0x00003d38        0x8 ./startup/startup_mk64f12.o
                0x00003d38                SPI1_IRQHandler
 .text.I2S0_Tx_IRQHandler
                0x00003d40        0x8 ./startup/startup_mk64f12.o
                0x00003d40                I2S0_Tx_IRQHandler
 .text.I2S0_Rx_IRQHandler
                0x00003d48        0x8 ./startup/startup_mk64f12.o
                0x00003d48                I2S0_Rx_IRQHandler
 .text.UART0_LON_IRQHandler
                0x00003d50        0x8 ./startup/startup_mk64f12.o
                0x00003d50                UART0_LON_IRQHandler
 .text.UART0_RX_TX_IRQHandler
                0x00003d58        0x8 ./startup/startup_mk64f12.o
                0x00003d58                UART0_RX_TX_IRQHandler
 .text.UART0_ERR_IRQHandler
                0x00003d60        0x8 ./startup/startup_mk64f12.o
                0x00003d60                UART0_ERR_IRQHandler
 .text.UART1_RX_TX_IRQHandler
                0x00003d68        0x8 ./startup/startup_mk64f12.o
                0x00003d68                UART1_RX_TX_IRQHandler
 .text.UART1_ERR_IRQHandler
                0x00003d70        0x8 ./startup/startup_mk64f12.o
                0x00003d70                UART1_ERR_IRQHandler
 .text.UART2_RX_TX_IRQHandler
                0x00003d78        0x8 ./startup/startup_mk64f12.o
                0x00003d78                UART2_RX_TX_IRQHandler
 .text.UART2_ERR_IRQHandler
                0x00003d80        0x8 ./startup/startup_mk64f12.o
                0x00003d80                UART2_ERR_IRQHandler
 .text.UART3_RX_TX_IRQHandler
                0x00003d88        0x8 ./startup/startup_mk64f12.o
                0x00003d88                UART3_RX_TX_IRQHandler
 .text.UART3_ERR_IRQHandler
                0x00003d90        0x8 ./startup/startup_mk64f12.o
                0x00003d90                UART3_ERR_IRQHandler
 .text.ADC0_IRQHandler
                0x00003d98        0x8 ./startup/startup_mk64f12.o
                0x00003d98                ADC0_IRQHandler
 .text.CMP0_IRQHandler
                0x00003da0        0x8 ./startup/startup_mk64f12.o
                0x00003da0                CMP0_IRQHandler
 .text.CMP1_IRQHandler
                0x00003da8        0x8 ./startup/startup_mk64f12.o
                0x00003da8                CMP1_IRQHandler
 .text.FTM0_IRQHandler
                0x00003db0        0x8 ./startup/startup_mk64f12.o
                0x00003db0                FTM0_IRQHandler
 .text.FTM1_IRQHandler
                0x00003db8        0x8 ./startup/startup_mk64f12.o
                0x00003db8                FTM1_IRQHandler
 .text.FTM2_IRQHandler
                0x00003dc0        0x8 ./startup/startup_mk64f12.o
                0x00003dc0                FTM2_IRQHandler
 .text.CMT_IRQHandler
                0x00003dc8        0x8 ./startup/startup_mk64f12.o
                0x00003dc8                CMT_IRQHandler
 .text.RTC_IRQHandler
                0x00003dd0        0x8 ./startup/startup_mk64f12.o
                0x00003dd0                RTC_IRQHandler
 .text.RTC_Seconds_IRQHandler
                0x00003dd8        0x8 ./startup/startup_mk64f12.o
                0x00003dd8                RTC_Seconds_IRQHandler
 .text.PIT1_IRQHandler
                0x00003de0        0x8 ./startup/startup_mk64f12.o
                0x00003de0                PIT1_IRQHandler
 .text.PIT2_IRQHandler
                0x00003de8        0x8 ./startup/startup_mk64f12.o
                0x00003de8                PIT2_IRQHandler
 .text.PIT3_IRQHandler
                0x00003df0        0x8 ./startup/startup_mk64f12.o
                0x00003df0                PIT3_IRQHandler
 .text.PDB0_IRQHandler
                0x00003df8        0x8 ./startup/startup_mk64f12.o
                0x00003df8                PDB0_IRQHandler
 .text.USB0_IRQHandler
                0x00003e00        0x8 ./startup/startup_mk64f12.o
                0x00003e00                USB0_IRQHandler
 .text.USBDCD_IRQHandler
                0x00003e08        0x8 ./startup/startup_mk64f12.o
                0x00003e08                USBDCD_IRQHandler
 .text.Reserved71_IRQHandler
                0x00003e10        0x8 ./startup/startup_mk64f12.o
                0x00003e10                Reserved71_IRQHandler
 .text.DAC0_IRQHandler
                0x00003e18        0x8 ./startup/startup_mk64f12.o
                0x00003e18                DAC0_IRQHandler
 .text.MCG_IRQHandler
                0x00003e20        0x8 ./startup/startup_mk64f12.o
                0x00003e20                MCG_IRQHandler
 .text.LPTMR0_IRQHandler
                0x00003e28        0x8 ./startup/startup_mk64f12.o
                0x00003e28                LPTMR0_IRQHandler
 .text.PORTA_IRQHandler
                0x00003e30        0x8 ./startup/startup_mk64f12.o
                0x00003e30                PORTA_IRQHandler
 .text.PORTB_IRQHandler
                0x00003e38        0x8 ./startup/startup_mk64f12.o
                0x00003e38                PORTB_IRQHandler
 .text.PORTC_IRQHandler
                0x00003e40        0x8 ./startup/startup_mk64f12.o
                0x00003e40                PORTC_IRQHandler
 .text.PORTD_IRQHandler
                0x00003e48        0x8 ./startup/startup_mk64f12.o
                0x00003e48                PORTD_IRQHandler
 .text.PORTE_IRQHandler
                0x00003e50        0x8 ./startup/startup_mk64f12.o
                0x00003e50                PORTE_IRQHandler
 .text.SWI_IRQHandler
                0x00003e58        0x8 ./startup/startup_mk64f12.o
                0x00003e58                SWI_IRQHandler
 .text.SPI2_IRQHandler
                0x00003e60        0x8 ./startup/startup_mk64f12.o
                0x00003e60                SPI2_IRQHandler
 .text.UART4_RX_TX_IRQHandler
                0x00003e68        0x8 ./startup/startup_mk64f12.o
                0x00003e68                UART4_RX_TX_IRQHandler
 .text.UART4_ERR_IRQHandler
                0x00003e70        0x8 ./startup/startup_mk64f12.o
                0x00003e70                UART4_ERR_IRQHandler
 .text.UART5_RX_TX_IRQHandler
                0x00003e78        0x8 ./startup/startup_mk64f12.o
                0x00003e78                UART5_RX_TX_IRQHandler
 .text.UART5_ERR_IRQHandler
                0x00003e80        0x8 ./startup/startup_mk64f12.o
                0x00003e80                UART5_ERR_IRQHandler
 .text.CMP2_IRQHandler
                0x00003e88        0x8 ./startup/startup_mk64f12.o
                0x00003e88                CMP2_IRQHandler
 .text.FTM3_IRQHandler
                0x00003e90        0x8 ./startup/startup_mk64f12.o
                0x00003e90                FTM3_IRQHandler
 .text.DAC1_IRQHandler
                0x00003e98        0x8 ./startup/startup_mk64f12.o
                0x00003e98                DAC1_IRQHandler
 .text.ADC1_IRQHandler
                0x00003ea0        0x8 ./startup/startup_mk64f12.o
                0x00003ea0                ADC1_IRQHandler
 .text.I2C2_IRQHandler
                0x00003ea8        0x8 ./startup/startup_mk64f12.o
                0x00003ea8                I2C2_IRQHandler
 .text.CAN0_Bus_Off_IRQHandler
                0x00003eb0        0x8 ./startup/startup_mk64f12.o
                0x00003eb0                CAN0_Bus_Off_IRQHandler
 .text.CAN0_Error_IRQHandler
                0x00003eb8        0x8 ./startup/startup_mk64f12.o
                0x00003eb8                CAN0_Error_IRQHandler
 .text.CAN0_Tx_Warning_IRQHandler
                0x00003ec0        0x8 ./startup/startup_mk64f12.o
                0x00003ec0                CAN0_Tx_Warning_IRQHandler
 .text.CAN0_Rx_Warning_IRQHandler
                0x00003ec8        0x8 ./startup/startup_mk64f12.o
                0x00003ec8                CAN0_Rx_Warning_IRQHandler
 .text.CAN0_Wake_Up_IRQHandler
                0x00003ed0        0x8 ./startup/startup_mk64f12.o
                0x00003ed0                CAN0_Wake_Up_IRQHandler
 .text.SDHC_IRQHandler
                0x00003ed8        0x8 ./startup/startup_mk64f12.o
                0x00003ed8                SDHC_IRQHandler
 .text.ENET_1588_Timer_IRQHandler
                0x00003ee0        0x8 ./startup/startup_mk64f12.o
                0x00003ee0                ENET_1588_Timer_IRQHandler
 .text.ENET_Transmit_IRQHandler
                0x00003ee8        0x8 ./startup/startup_mk64f12.o
                0x00003ee8                ENET_Transmit_IRQHandler
 .text.ENET_Receive_IRQHandler
                0x00003ef0        0x8 ./startup/startup_mk64f12.o
                0x00003ef0                ENET_Receive_IRQHandler
 .text.ENET_Error_IRQHandler
                0x00003ef8        0x8 ./startup/startup_mk64f12.o
                0x00003ef8                ENET_Error_IRQHandler
 .text.GPIO_PinWrite
                0x00003f00       0x36 ./source/FlexCAN_Test.o
 .text.GPIO_PortToggle
                0x00003f36       0x1c ./source/FlexCAN_Test.o
 .text.FLEXCAN_GetMbStatusFlags
                0x00003f52       0x1e ./source/FlexCAN_Test.o
 .text.FLEXCAN_ClearMbStatusFlags
                0x00003f70       0x1c ./source/FlexCAN_Test.o
 .text.FLEXCAN_EnableMbInterrupts
                0x00003f8c       0x22 ./source/FlexCAN_Test.o
 .text.PIT_GetStatusFlags
                0x00003fae       0x2a ./source/FlexCAN_Test.o
 .text.PIT_ClearStatusFlags
                0x00003fd8       0x2a ./source/FlexCAN_Test.o
 .text.HardFault_Handler
                0x00004002       0x2c ./source/semihost_hardfault.o
                0x00004002                HardFault_Handler
 .text.CLOCK_EnableClock
                0x0000402e       0x34 ./drivers/fsl_clock.o
 .text.CLOCK_DisableClock
                0x00004062       0x38 ./drivers/fsl_clock.o
 .text.OSC_SetExtRefClkConfig
                0x0000409a       0x34 ./drivers/fsl_clock.o
 .text.OSC_SetCapLoad
                0x000040ce       0x34 ./drivers/fsl_clock.o
 .text.CLOCK_GetPll0RefFreq
                0x00004102        0xe ./drivers/fsl_clock.o
 .text.CLOCK_EnableClock
                0x00004110       0x34 ./drivers/fsl_flexcan.o
 .text.FLEXCAN_GetMbStatusFlags
                0x00004144       0x1e ./drivers/fsl_flexcan.o
 .text.FLEXCAN_ClearMbStatusFlags
                0x00004162       0x1c ./drivers/fsl_flexcan.o
 .text.FLEXCAN_Enable
                0x0000417e       0x54 ./drivers/fsl_flexcan.o
 .text.FLEXCAN_EnterFreezeMode
                0x000041d2       0x3c ./drivers/fsl_flexcan.o
                0x000041d2                FLEXCAN_EnterFreezeMode
 .text.FLEXCAN_ExitFreezeMode
                0x0000420e       0x3c ./drivers/fsl_flexcan.o
                0x0000420e                FLEXCAN_ExitFreezeMode
 .text.FLEXCAN_IsMbOccupied
                0x0000424a       0x56 ./drivers/fsl_flexcan.o
 .text.FLEXCAN_TransferSendBlocking
                0x000042a0       0x72 ./drivers/fsl_flexcan.o
                0x000042a0                FLEXCAN_TransferSendBlocking
 .text.CLOCK_EnableClock
                0x00004312       0x34 ./drivers/fsl_pit.o
 .text.CLOCK_EnableClock
                0x00004346       0x34 ./drivers/fsl_uart.o
 .text.UART_WriteBlocking
                0x0000437a       0x50 ./drivers/fsl_uart.o
                0x0000437a                UART_WriteBlocking
 .text.UART0_RX_TX_DriverIRQHandler
                0x000043ca       0x12 ./drivers/fsl_uart.o
                0x000043ca                UART0_RX_TX_DriverIRQHandler
 .text.UART1_RX_TX_DriverIRQHandler
                0x000043dc       0x12 ./drivers/fsl_uart.o
                0x000043dc                UART1_RX_TX_DriverIRQHandler
 .text.UART2_RX_TX_DriverIRQHandler
                0x000043ee       0x12 ./drivers/fsl_uart.o
                0x000043ee                UART2_RX_TX_DriverIRQHandler
 .text.UART3_RX_TX_DriverIRQHandler
                0x00004400       0x12 ./drivers/fsl_uart.o
                0x00004400                UART3_RX_TX_DriverIRQHandler
 .text.UART4_RX_TX_DriverIRQHandler
                0x00004412       0x12 ./drivers/fsl_uart.o
                0x00004412                UART4_RX_TX_DriverIRQHandler
 .text.UART5_RX_TX_DriverIRQHandler
                0x00004424       0x12 ./drivers/fsl_uart.o
                0x00004424                UART5_RX_TX_DriverIRQHandler
 .text.SystemInitHook
                0x00004436        0xe ./device/system_MK64F12.o
                0x00004436                SystemInitHook
 .text.HAL_UartGetStatus
                0x00004444       0x22 ./component/uart/fsl_adapter_uart.o
 .text.DisableGlobalIRQ
                0x00004466       0x22 ./component/serial_manager/fsl_component_serial_manager.o
 .text.EnableGlobalIRQ
                0x00004488       0x20 ./component/serial_manager/fsl_component_serial_manager.o
 .text.SerialManager_StartWriting
                0x000044a8       0x38 ./component/serial_manager/fsl_component_serial_manager.o
 .text.SerialManager_Write
                0x000044e0       0x44 ./component/serial_manager/fsl_component_serial_manager.o
 .text.SerialManager_Init
                0x00004524       0x60 ./component/serial_manager/fsl_component_serial_manager.o
                0x00004524                SerialManager_Init
 .text.SerialManager_OpenWriteHandle
                0x00004584       0x50 ./component/serial_manager/fsl_component_serial_manager.o
                0x00004584                SerialManager_OpenWriteHandle
 .text.SerialManager_OpenReadHandle
                0x000045d4       0x60 ./component/serial_manager/fsl_component_serial_manager.o
                0x000045d4                SerialManager_OpenReadHandle
 .text.SerialManager_WriteBlocking
                0x00004634       0x20 ./component/serial_manager/fsl_component_serial_manager.o
                0x00004634                SerialManager_WriteBlocking
 .text.Serial_UartInit
                0x00004654       0x3e ./component/serial_manager/fsl_component_serial_port_uart.o
                0x00004654                Serial_UartInit
 .text.Serial_UartWrite
                0x00004692       0x38 ./component/serial_manager/fsl_component_serial_port_uart.o
                0x00004692                Serial_UartWrite
 .text.BOARD_InitDebugConsole
                0x000046ca       0x22 ./board/board.o
                0x000046ca                BOARD_InitDebugConsole
 .text.BOARD_InitBootClocks
                0x000046ec        0xc ./board/clock_config.o
                0x000046ec                BOARD_InitBootClocks
 .text.EnableIRQ
                0x000046f8       0x32 ./board/peripherals.o
 .text.PIT_EnableInterrupts
                0x0000472a       0x3a ./board/peripherals.o
 .text.PIT_StartTimer
                0x00004764       0x38 ./board/peripherals.o
 .text.BOARD_InitPeripherals
                0x0000479c       0x10 ./board/peripherals.o
                0x0000479c                BOARD_InitPeripherals
 .text.BOARD_InitBootPeripherals
                0x000047ac        0xc ./board/peripherals.o
                0x000047ac                BOARD_InitBootPeripherals
 .text.CLOCK_EnableClock
                0x000047b8       0x34 ./board/pin_mux.o
 .text.PORT_SetPinMux
                0x000047ec       0x3a ./board/pin_mux.o
 .text.BOARD_InitBootPins
                0x00004826       0x10 ./board/pin_mux.o
                0x00004826                BOARD_InitBootPins
 .text.__main   0x00004836        0xe d:/nxp/mcuxpressoide_11.6.1_8255/ide/plugins/com.nxp.mcuxpresso.tools.win32_11.6.1.202207200623/tools/bin/../lib/gcc/arm-none-eabi/10.3.1/../../../../arm-none-eabi/lib/thumb/v7e-m+fp/hard\libcr_nohost_nf.a(_cr__main.o)
                0x00004836                __main
 .text.__sys_appexit
                0x00004844        0x2 d:/nxp/mcuxpressoide_11.6.1_8255/ide/plugins/com.nxp.mcuxpresso.tools.win32_11.6.1.202207200623/tools/bin/../lib/gcc/arm-none-eabi/10.3.1/../../../../arm-none-eabi/lib/thumb/v7e-m+fp/hard\libcr_nohost_nf.a(__sys_appexit.o)
                0x00004844                __sys_appexit
                0x00004844                __exit
 .text.memcpy   0x00004846        0x4 d:/nxp/mcuxpressoide_11.6.1_8255/ide/plugins/com.nxp.mcuxpresso.tools.win32_11.6.1.202207200623/tools/bin/../lib/gcc/arm-none-eabi/10.3.1/../../../../arm-none-eabi/lib/thumb/v7e-m+fp/hard\libcr_c.a(memcpy.o)
                0x00004846                memcpy
 .text.memset   0x0000484a        0x4 d:/nxp/mcuxpressoide_11.6.1_8255/ide/plugins/com.nxp.mcuxpresso.tools.win32_11.6.1.202207200623/tools/bin/../lib/gcc/arm-none-eabi/10.3.1/../../../../arm-none-eabi/lib/thumb/v7e-m+fp/hard\libcr_c.a(memset.o)
                0x0000484a                memset
 .text._deferredlazyseek
                0x0000484e       0x40 d:/nxp/mcuxpressoide_11.6.1_8255/ide/plugins/com.nxp.mcuxpresso.tools.win32_11.6.1.202207200623/tools/bin/../lib/gcc/arm-none-eabi/10.3.1/../../../../arm-none-eabi/lib/thumb/v7e-m+fp/hard\libcr_c.a(_deferredlazyseek.o)
                0x0000484e                _deferredlazyseek
 .text.__flsbuf
                0x0000488e      0x140 d:/nxp/mcuxpressoide_11.6.1_8255/ide/plugins/com.nxp.mcuxpresso.tools.win32_11.6.1.202207200623/tools/bin/../lib/gcc/arm-none-eabi/10.3.1/../../../../arm-none-eabi/lib/thumb/v7e-m+fp/hard\libcr_c.a(_deferredlazyseek.o)
                0x0000488e                __flsbuf
 .text._fflush  0x000049ce       0x52 d:/nxp/mcuxpressoide_11.6.1_8255/ide/plugins/com.nxp.mcuxpresso.tools.win32_11.6.1.202207200623/tools/bin/../lib/gcc/arm-none-eabi/10.3.1/../../../../arm-none-eabi/lib/thumb/v7e-m+fp/hard\libcr_c.a(_fflush.o)
                0x000049ce                _fflush
 .text.free     0x00004a20       0x30 d:/nxp/mcuxpressoide_11.6.1_8255/ide/plugins/com.nxp.mcuxpresso.tools.win32_11.6.1.202207200623/tools/bin/../lib/gcc/arm-none-eabi/10.3.1/../../../../arm-none-eabi/lib/thumb/v7e-m+fp/hard\libcr_c.a(alloc.o)
                0x00004a20                free
 .text.fputs    0x00004a50       0x2c d:/nxp/mcuxpressoide_11.6.1_8255/ide/plugins/com.nxp.mcuxpresso.tools.win32_11.6.1.202207200623/tools/bin/../lib/gcc/arm-none-eabi/10.3.1/../../../../arm-none-eabi/lib/thumb/v7e-m+fp/hard\libcr_c.a(fputs.o)
                0x00004a50                fputs
 .text.no_fp_display
                0x00004a7c        0x4 d:/nxp/mcuxpressoide_11.6.1_8255/ide/plugins/com.nxp.mcuxpresso.tools.win32_11.6.1.202207200623/tools/bin/../lib/gcc/arm-none-eabi/10.3.1/../../../../arm-none-eabi/lib/thumb/v7e-m+fp/hard\libcr_c.a(printf.o)
 .text.setvbuf  0x00004a80       0x3e d:/nxp/mcuxpressoide_11.6.1_8255/ide/plugins/com.nxp.mcuxpresso.tools.win32_11.6.1.202207200623/tools/bin/../lib/gcc/arm-none-eabi/10.3.1/../../../../arm-none-eabi/lib/thumb/v7e-m+fp/hard\libcr_c.a(setvbuf.o)
                0x00004a80                setvbuf
 .text.strlen   0x00004abe       0x48 d:/nxp/mcuxpressoide_11.6.1_8255/ide/plugins/com.nxp.mcuxpresso.tools.win32_11.6.1.202207200623/tools/bin/../lib/gcc/arm-none-eabi/10.3.1/../../../../arm-none-eabi/lib/thumb/v7e-m+fp/hard\libcr_c.a(strlen.o)
                0x00004abe                strlen
 .text._fdopen  0x00004b06       0x68 d:/nxp/mcuxpressoide_11.6.1_8255/ide/plugins/com.nxp.mcuxpresso.tools.win32_11.6.1.202207200623/tools/bin/../lib/gcc/arm-none-eabi/10.3.1/../../../../arm-none-eabi/lib/thumb/v7e-m+fp/hard\libcr_c.a(_fdopen.o)
                0x00004b06                _fdopen
 .text.fclose   0x00004b6e       0x58 d:/nxp/mcuxpressoide_11.6.1_8255/ide/plugins/com.nxp.mcuxpresso.tools.win32_11.6.1.202207200623/tools/bin/../lib/gcc/arm-none-eabi/10.3.1/../../../../arm-none-eabi/lib/thumb/v7e-m+fp/hard\libcr_c.a(fclose.o)
                0x00004b6e                fclose
 .text.remove   0x00004bc6       0x14 d:/nxp/mcuxpressoide_11.6.1_8255/ide/plugins/com.nxp.mcuxpresso.tools.win32_11.6.1.202207200623/tools/bin/../lib/gcc/arm-none-eabi/10.3.1/../../../../arm-none-eabi/lib/thumb/v7e-m+fp/hard\libcr_c.a(remove.o)
                0x00004bc6                remove
 .text._do_fflush
                0x00004bda       0x40 d:/nxp/mcuxpressoide_11.6.1_8255/ide/plugins/com.nxp.mcuxpresso.tools.win32_11.6.1.202207200623/tools/bin/../lib/gcc/arm-none-eabi/10.3.1/../../../../arm-none-eabi/lib/thumb/v7e-m+fp/hard\libcr_c.a(_do_fflush.o)
                0x00004bda                _do_fflush
 .text.__aeabi_memcpy
                0x00004c1a       0x34 d:/nxp/mcuxpressoide_11.6.1_8255/ide/plugins/com.nxp.mcuxpresso.tools.win32_11.6.1.202207200623/tools/bin/../lib/gcc/arm-none-eabi/10.3.1/thumb/v7e-m+fp/hard\libcr_eabihelpers.a(memcpy.o)
                0x00004c1a                __aeabi_memcpy
                0x00004c24                __aeabi_memcpy8
                0x00004c24                __aeabi_memcpy4
 .text.__aeabi_memset_lowlevel
                0x00004c4e       0x32 d:/nxp/mcuxpressoide_11.6.1_8255/ide/plugins/com.nxp.mcuxpresso.tools.win32_11.6.1.202207200623/tools/bin/../lib/gcc/arm-none-eabi/10.3.1/thumb/v7e-m+fp/hard\libcr_eabihelpers.a(memcpy.o)
                0x00004c4e                __aeabi_lowlevel_memset
 .text.__sys_close
                0x00004c80        0x6 d:/nxp/mcuxpressoide_11.6.1_8255/ide/plugins/com.nxp.mcuxpresso.tools.win32_11.6.1.202207200623/tools/bin/../lib/gcc/arm-none-eabi/10.3.1/../../../../arm-none-eabi/lib/thumb/v7e-m+fp/hard\libcr_nohost_nf.a(__sys_close.o)
                0x00004c80                __sys_close
 .text.__sys_flen
                0x00004c86        0x6 d:/nxp/mcuxpressoide_11.6.1_8255/ide/plugins/com.nxp.mcuxpresso.tools.win32_11.6.1.202207200623/tools/bin/../lib/gcc/arm-none-eabi/10.3.1/../../../../arm-none-eabi/lib/thumb/v7e-m+fp/hard\libcr_nohost_nf.a(__sys_flen.o)
                0x00004c86                __sys_flen
 .text.__sys_istty
                0x00004c8c        0x6 d:/nxp/mcuxpressoide_11.6.1_8255/ide/plugins/com.nxp.mcuxpresso.tools.win32_11.6.1.202207200623/tools/bin/../lib/gcc/arm-none-eabi/10.3.1/../../../../arm-none-eabi/lib/thumb/v7e-m+fp/hard\libcr_nohost_nf.a(__sys_istty.o)
                0x00004c8c                __sys_istty
 .text.__sys_remove
                0x00004c92        0x6 d:/nxp/mcuxpressoide_11.6.1_8255/ide/plugins/com.nxp.mcuxpresso.tools.win32_11.6.1.202207200623/tools/bin/../lib/gcc/arm-none-eabi/10.3.1/../../../../arm-none-eabi/lib/thumb/v7e-m+fp/hard\libcr_nohost_nf.a(__sys_remove.o)
                0x00004c92                __sys_remove
 .text.__sys_seek
                0x00004c98        0x6 d:/nxp/mcuxpressoide_11.6.1_8255/ide/plugins/com.nxp.mcuxpresso.tools.win32_11.6.1.202207200623/tools/bin/../lib/gcc/arm-none-eabi/10.3.1/../../../../arm-none-eabi/lib/thumb/v7e-m+fp/hard\libcr_nohost_nf.a(__sys_seek.o)
                0x00004c98                __sys_seek
 .text.__sys_tmpnam
                0x00004c9e        0x6 d:/nxp/mcuxpressoide_11.6.1_8255/ide/plugins/com.nxp.mcuxpresso.tools.win32_11.6.1.202207200623/tools/bin/../lib/gcc/arm-none-eabi/10.3.1/../../../../arm-none-eabi/lib/thumb/v7e-m+fp/hard\libcr_nohost_nf.a(__sys_tmpnam.o)
                0x00004c9e                __sys_tmpnam
 .text.__sys_write
                0x00004ca4        0x4 d:/nxp/mcuxpressoide_11.6.1_8255/ide/plugins/com.nxp.mcuxpresso.tools.win32_11.6.1.202207200623/tools/bin/../lib/gcc/arm-none-eabi/10.3.1/../../../../arm-none-eabi/lib/thumb/v7e-m+fp/hard\libcr_nohost_nf.a(__sys_write.o)
                0x00004ca4                __sys_write
 *(SORT_BY_ALIGNMENT(.rodata) SORT_BY_ALIGNMENT(.rodata.*) SORT_BY_ALIGNMENT(.constdata) SORT_BY_ALIGNMENT(.constdata.*))
 .rodata.main.str1.4
                0x00004ca8       0x13 ./source/FlexCAN_Test.o
 *fill*         0x00004cbb        0x1 ff
 .rodata.CLOCK_GetMcgExtClkFreq.str1.4
                0x00004cbc       0x49 ./drivers/fsl_clock.o
 *fill*         0x00004d05        0x3 ff
 .rodata.CLOCK_GetPll0Freq.str1.4
                0x00004d08       0x1d ./drivers/fsl_clock.o
 *fill*         0x00004d25        0x3 ff
 .rodata.CLOCK_EnablePll0.str1.4
                0x00004d28       0x1a ./drivers/fsl_clock.o
 *fill*         0x00004d42        0x2 ff
 .rodata.CLOCK_SetPbeMode.str1.4
                0x00004d44       0x1a ./drivers/fsl_clock.o
 *fill*         0x00004d5e        0x2 ff
 .rodata.CLOCK_BootToPeeMode.str1.4
                0x00004d60       0x1a ./drivers/fsl_clock.o
 *fill*         0x00004d7a        0x2 ff
 .rodata.fllFactorTable.1
                0x00004d7c       0x10 ./drivers/fsl_clock.o
 .rodata.FLEXCAN_GetInstance.str1.4
                0x00004d8c       0x3a ./drivers/fsl_flexcan.o
 *fill*         0x00004dc6        0x2 ff
 .rodata.FLEXCAN_Reset.str1.4
                0x00004dc8       0x3a ./drivers/fsl_flexcan.o
 *fill*         0x00004e02        0x2 ff
 .rodata.FLEXCAN_SetBitRate.str1.4
                0x00004e04       0xb8 ./drivers/fsl_flexcan.o
 .rodata.FLEXCAN_Init.str1.4
                0x00004ebc       0xda ./drivers/fsl_flexcan.o
 *fill*         0x00004f96        0x2 ff
 .rodata.FLEXCAN_SetTimingConfig.str1.4
                0x00004f98       0x25 ./drivers/fsl_flexcan.o
 *fill*         0x00004fbd        0x3 ff
 .rodata.FLEXCAN_SetTxMbConfig.str1.4
                0x00004fc0       0x78 ./drivers/fsl_flexcan.o
 .rodata.FLEXCAN_SetRxMbConfig.str1.4
                0x00005038       0xbc ./drivers/fsl_flexcan.o
 .rodata.FLEXCAN_WriteTxMb.str1.4
                0x000050f4       0xcc ./drivers/fsl_flexcan.o
 .rodata.FLEXCAN_ReadRxMb.str1.4
                0x000051c0       0xa0 ./drivers/fsl_flexcan.o
 .rodata.CAN0_DriverIRQHandler.str1.4
                0x00005260       0x30 ./drivers/fsl_flexcan.o
 .rodata.PIT_GetInstance.str1.4
                0x00005290       0x31 ./drivers/fsl_pit.o
 *fill*         0x000052c1        0x3 ff
 .rodata.PIT_Init.str1.4
                0x000052c4       0x1e ./drivers/fsl_pit.o
 *fill*         0x000052e2        0x2 ff
 .rodata.s_uartBases
                0x000052e4       0x18 ./drivers/fsl_uart.o
 .rodata.s_uartClock
                0x000052fc       0x18 ./drivers/fsl_uart.o
 .rodata.UART_GetInstance.str1.4
                0x00005314       0x2b ./drivers/fsl_uart.o
 *fill*         0x0000533f        0x1 ff
 .rodata.UART_Init.str1.4
                0x00005340       0xfb ./drivers/fsl_uart.o
 *fill*         0x0000543b        0x1 ff
 .rodata.UART_GetDefaultConfig.str1.4
                0x0000543c       0x20 ./drivers/fsl_uart.o
 .rodata.s_UartAdapterBase
                0x0000545c       0x18 ./component/uart/fsl_adapter_uart.o
 .rodata.HAL_UartInit.str1.4
                0x00005474       0xdd ./component/uart/fsl_adapter_uart.o
 *fill*         0x00005551        0x3 ff
 .rodata.HAL_UartSendBlocking.str1.4
                0x00005554       0x60 ./component/uart/fsl_adapter_uart.o
 .rodata.mcgConfig_BOARD_BootClockRUN
                0x000055b4        0xb ./board/clock_config.o
                0x000055b4                mcgConfig_BOARD_BootClockRUN
 *fill*         0x000055bf        0x1 ff
 .rodata.simConfig_BOARD_BootClockRUN
                0x000055c0        0x8 ./board/clock_config.o
                0x000055c0                simConfig_BOARD_BootClockRUN
 .rodata.oscConfig_BOARD_BootClockRUN
                0x000055c8        0x8 ./board/clock_config.o
                0x000055c8                oscConfig_BOARD_BootClockRUN
 .rodata.PIT_SetTimerPeriod.str1.4
                0x000055d0       0x6e ./board/peripherals.o
 *fill*         0x0000563e        0x2 ff
 .rodata.CAN0_config
                0x00005640       0x14 ./board/peripherals.o
                0x00005640                CAN0_config
 .rodata.CAN0_rx_mb_config_0
                0x00005654        0x8 ./board/peripherals.o
                0x00005654                CAN0_rx_mb_config_0
 .rodata.PIT_config
                0x0000565c        0x1 ./board/peripherals.o
                0x0000565c                PIT_config
 *fill*         0x0000565d        0x3 ff
 .rodata.PORT_SetPinConfig.str1.4
                0x00005660       0x6a ./board/pin_mux.o
 *fill*         0x000056ca        0x2 ff
 .rodata.__num_Ciob_streams
                0x000056cc        0x4 d:/nxp/mcuxpressoide_11.6.1_8255/ide/plugins/com.nxp.mcuxpresso.tools.win32_11.6.1.202207200623/tools/bin/../lib/gcc/arm-none-eabi/10.3.1/../../../../arm-none-eabi/lib/thumb/v7e-m+fp/hard\libcr_nohost_nf.a(__ciob.o)
                0x000056cc                __num_Ciob_streams
 .rodata.__assertion_failed.str1.1
                0x000056d0       0x15 d:/nxp/mcuxpressoide_11.6.1_8255/ide/plugins/com.nxp.mcuxpresso.tools.win32_11.6.1.202207200623/tools/bin/../lib/gcc/arm-none-eabi/10.3.1/../../../../arm-none-eabi/lib/thumb/v7e-m+fp/hard\libcr_nohost_nf.a(_cr_assert.o)
 .rodata._Csys_alloc.str1.1
                0x000056e5       0x18 d:/nxp/mcuxpressoide_11.6.1_8255/ide/plugins/com.nxp.mcuxpresso.tools.win32_11.6.1.202207200623/tools/bin/../lib/gcc/arm-none-eabi/10.3.1/../../../../arm-none-eabi/lib/thumb/v7e-m+fp/hard\libcr_c.a(alloc.o)
 .rodata._initio.str1.1
                0x000056fd        0x4 d:/nxp/mcuxpressoide_11.6.1_8255/ide/plugins/com.nxp.mcuxpresso.tools.win32_11.6.1.202207200623/tools/bin/../lib/gcc/arm-none-eabi/10.3.1/../../../../arm-none-eabi/lib/thumb/v7e-m+fp/hard\libcr_c.a(initio.o)
 .rodata.__vfprintf.str1.1
                0x00005701       0x35 d:/nxp/mcuxpressoide_11.6.1_8255/ide/plugins/com.nxp.mcuxpresso.tools.win32_11.6.1.202207200623/tools/bin/../lib/gcc/arm-none-eabi/10.3.1/../../../../arm-none-eabi/lib/thumb/v7e-m+fp/hard\libcr_c.a(printf.o)
                                 0x38 (size before relaxing)
                0x00005738                . = ALIGN (0x8)
 *fill*         0x00005736        0x2 ff
                0x00005738                _etext = .

.glue_7         0x00005738        0x0
 .glue_7        0x00005738        0x0 linker stubs

.glue_7t        0x00005738        0x0
 .glue_7t       0x00005738        0x0 linker stubs

.vfp11_veneer   0x00005738        0x0
 .vfp11_veneer  0x00005738        0x0 linker stubs

.v4_bx          0x00005738        0x0
 .v4_bx         0x00005738        0x0 linker stubs

.iplt           0x00005738        0x0
 .iplt          0x00005738        0x0 ./utilities/fsl_debug_console.o

.rel.dyn        0x00005738        0x0
 .rel.iplt      0x00005738        0x0 ./utilities/fsl_debug_console.o

.m_usb_data
 *(SORT_BY_ALIGNMENT(m_usb_bdt))

.data_RAM2      0x1fff0000        0x0 load address 0x00005738
 FILL mask 0xff
                [!provide]                PROVIDE (__start_data_RAM2 = .)
                [!provide]                PROVIDE (__start_data_SRAM_LOWER = .)
 *(SORT_BY_ALIGNMENT(.ramfunc.$RAM2))
 *(SORT_BY_ALIGNMENT(.ramfunc.$SRAM_LOWER))
 *(SORT_BY_ALIGNMENT(.data.$RAM2))
 *(SORT_BY_ALIGNMENT(.data.$SRAM_LOWER))
 *(SORT_BY_ALIGNMENT(.data.$RAM2.*))
 *(SORT_BY_ALIGNMENT(.data.$SRAM_LOWER.*))
                0x1fff0000                . = ALIGN (0x8)
                [!provide]                PROVIDE (__end_data_RAM2 = .)
                [!provide]                PROVIDE (__end_data_SRAM_LOWER = .)

.data_RAM3      0x14000000        0x0 load address 0x00005738
 FILL mask 0xff
                [!provide]                PROVIDE (__start_data_RAM3 = .)
                [!provide]                PROVIDE (__start_data_FLEX_RAM = .)
 *(SORT_BY_ALIGNMENT(.ramfunc.$RAM3))
 *(SORT_BY_ALIGNMENT(.ramfunc.$FLEX_RAM))
 *(SORT_BY_ALIGNMENT(.data.$RAM3))
 *(SORT_BY_ALIGNMENT(.data.$FLEX_RAM))
 *(SORT_BY_ALIGNMENT(.data.$RAM3.*))
 *(SORT_BY_ALIGNMENT(.data.$FLEX_RAM.*))
                0x14000000                . = ALIGN (0x8)
                [!provide]                PROVIDE (__end_data_RAM3 = .)
                [!provide]                PROVIDE (__end_data_FLEX_RAM = .)

.uninit_RESERVED
                0x20000000        0x0
                0x20000000                _start_uninit_RESERVED = .
 *(SORT_BY_ALIGNMENT(.bss.$RESERVED*))
                0x20000000                . = ALIGN (0x8)
                0x20000000                _end_uninit_RESERVED = .

.data           0x20000000       0x10 load address 0x00005738
 FILL mask 0xff
                0x20000000                _data = .
                [!provide]                PROVIDE (__start_data_RAM = .)
                [!provide]                PROVIDE (__start_data_SRAM_UPPER = .)
 *(SORT_BY_ALIGNMENT(vtable))
 *(SORT_BY_ALIGNMENT(.ramfunc*))
 *(SORT_BY_ALIGNMENT(CodeQuickAccess))
 *(SORT_BY_ALIGNMENT(DataQuickAccess))
 *(SORT_BY_ALIGNMENT(RamFunction))
 *(SORT_BY_ALIGNMENT(.data*))
 .data.s_slowIrcFreq
                0x20000000        0x4 ./drivers/fsl_clock.o
 .data.s_fastIrcFreq
                0x20000004        0x4 ./drivers/fsl_clock.o
 .data.SystemCoreClock
                0x20000008        0x4 ./device/system_MK64F12.o
                0x20000008                SystemCoreClock
 .data.waitTX   0x2000000c        0x2 ./source/FlexCAN_Test.o
                0x2000000c                waitTX
 .data.txFlag   0x2000000e        0x1 ./source/FlexCAN_Test.o
                0x2000000e                txFlag
 .data.counterTime
                0x2000000f        0x1 ./source/FlexCAN_Test.o
                0x2000000f                counterTime
                0x20000010                . = ALIGN (0x8)
                0x20000010                _edata = .
                [!provide]                PROVIDE (__end_data_RAM = .)
                [!provide]                PROVIDE (__end_data_SRAM_UPPER = .)

.igot.plt       0x20000010        0x0 load address 0x00005748
 .igot.plt      0x20000010        0x0 ./utilities/fsl_debug_console.o

.bss_RAM2       0x1fff0000        0x0
                [!provide]                PROVIDE (__start_bss_RAM2 = .)
                [!provide]                PROVIDE (__start_bss_SRAM_LOWER = .)
 *(SORT_BY_ALIGNMENT(.bss.$RAM2))
 *(SORT_BY_ALIGNMENT(.bss.$SRAM_LOWER))
 *(SORT_BY_ALIGNMENT(.bss.$RAM2.*))
 *(SORT_BY_ALIGNMENT(.bss.$SRAM_LOWER.*))
                0x1fff0000                . = ALIGN ((. != 0x0)?0x8:0x1)
                [!provide]                PROVIDE (__end_bss_RAM2 = .)
                [!provide]                PROVIDE (__end_bss_SRAM_LOWER = .)

.bss_RAM3       0x14000000        0x0
                [!provide]                PROVIDE (__start_bss_RAM3 = .)
                [!provide]                PROVIDE (__start_bss_FLEX_RAM = .)
 *(SORT_BY_ALIGNMENT(.bss.$RAM3))
 *(SORT_BY_ALIGNMENT(.bss.$FLEX_RAM))
 *(SORT_BY_ALIGNMENT(.bss.$RAM3.*))
 *(SORT_BY_ALIGNMENT(.bss.$FLEX_RAM.*))
                0x14000000                . = ALIGN ((. != 0x0)?0x8:0x1)
                [!provide]                PROVIDE (__end_bss_RAM3 = .)
                [!provide]                PROVIDE (__end_bss_FLEX_RAM = .)

.bss            0x20000010      0x158
                0x20000010                _bss = .
                [!provide]                PROVIDE (__start_bss_RAM = .)
                [!provide]                PROVIDE (__start_bss_SRAM_UPPER = .)
 *(SORT_BY_ALIGNMENT(.bss*))
 .bss.s_debugConsoleState
                0x20000010       0x20 ./utilities/fsl_debug_console.o
 .bss.g_serialHandle
                0x20000030        0x4 ./utilities/fsl_debug_console.o
                0x20000030                g_serialHandle
 .bss.txFrame   0x20000034       0x10 ./source/FlexCAN_Test.o
                0x20000034                txFrame
 .bss.rxFrame   0x20000044       0x10 ./source/FlexCAN_Test.o
                0x20000044                rxFrame
 .bss.mbConfig  0x20000054        0x8 ./source/FlexCAN_Test.o
                0x20000054                mbConfig
 .bss.i.0       0x2000005c        0x4 ./source/FlexCAN_Test.o
 .bss.g_xtal0Freq
                0x20000060        0x4 ./drivers/fsl_clock.o
                0x20000060                g_xtal0Freq
 .bss.g_xtal32Freq
                0x20000064        0x4 ./drivers/fsl_clock.o
                0x20000064                g_xtal32Freq
 .bss.s_flexcanHandle
                0x20000068        0x4 ./drivers/fsl_flexcan.o
 .bss.s_flexcanIsr
                0x2000006c        0x4 ./drivers/fsl_flexcan.o
 .bss.s_i2cHandle
                0x20000070        0xc ./drivers/fsl_i2c.o
 .bss.s_i2cMasterIsr
                0x2000007c        0x4 ./drivers/fsl_i2c.o
 .bss.s_i2cSlaveIsr
                0x20000080        0x4 ./drivers/fsl_i2c.o
 .bss.s_uartHandle
                0x20000084       0x18 ./drivers/fsl_uart.o
                0x20000084                s_uartHandle
 .bss.s_uartIsr
                0x2000009c        0x4 ./drivers/fsl_uart.o
                0x2000009c                s_uartIsr
 .bss.__Ciob    0x200000a0       0xb4 d:/nxp/mcuxpressoide_11.6.1_8255/ide/plugins/com.nxp.mcuxpresso.tools.win32_11.6.1.202207200623/tools/bin/../lib/gcc/arm-none-eabi/10.3.1/../../../../arm-none-eabi/lib/thumb/v7e-m+fp/hard\libcr_nohost_nf.a(__ciob.o)
                0x200000a0                __Ciob
 .bss.errno     0x20000154        0x4 d:/nxp/mcuxpressoide_11.6.1_8255/ide/plugins/com.nxp.mcuxpresso.tools.win32_11.6.1.202207200623/tools/bin/../lib/gcc/arm-none-eabi/10.3.1/../../../../arm-none-eabi/lib/thumb/v7e-m+fp/hard\libcr_c.a(errno.o)
                0x20000154                errno
 .bss.__end_of_heap
                0x20000158        0x4 d:/nxp/mcuxpressoide_11.6.1_8255/ide/plugins/com.nxp.mcuxpresso.tools.win32_11.6.1.202207200623/tools/bin/../lib/gcc/arm-none-eabi/10.3.1/../../../../arm-none-eabi/lib/thumb/v7e-m+fp/hard\libcr_c.a(__init_alloc.o)
                0x20000158                __end_of_heap
 .bss.__heaps   0x2000015c        0x4 d:/nxp/mcuxpressoide_11.6.1_8255/ide/plugins/com.nxp.mcuxpresso.tools.win32_11.6.1.202207200623/tools/bin/../lib/gcc/arm-none-eabi/10.3.1/../../../../arm-none-eabi/lib/thumb/v7e-m+fp/hard\libcr_c.a(__init_alloc.o)
                0x2000015c                __heaps
 .bss.s_debugConsoleReadWaitSemaphore
                0x20000160        0x1 ./utilities/fsl_debug_console.o
 .bss.rxComplete
                0x20000161        0x1 ./source/FlexCAN_Test.o
                0x20000161                rxComplete
 .bss.counter   0x20000162        0x1 ./source/FlexCAN_Test.o
                0x20000162                counter
 *(SORT_BY_ALIGNMENT(COMMON))
                0x20000168                . = ALIGN (0x8)
 *fill*         0x20000163        0x5 
                0x20000168                _ebss = .
                [!provide]                PROVIDE (__end_bss_RAM = .)
                [!provide]                PROVIDE (__end_bss_SRAM_UPPER = .)
                [!provide]                PROVIDE (end = .)

.noinit_RAM2    0x1fff0000        0x0
                [!provide]                PROVIDE (__start_noinit_RAM2 = .)
                [!provide]                PROVIDE (__start_noinit_SRAM_LOWER = .)
 *(SORT_BY_ALIGNMENT(.noinit.$RAM2))
 *(SORT_BY_ALIGNMENT(.noinit.$SRAM_LOWER))
 *(SORT_BY_ALIGNMENT(.noinit.$RAM2.*))
 *(SORT_BY_ALIGNMENT(.noinit.$SRAM_LOWER.*))
                0x1fff0000                . = ALIGN (0x8)
                [!provide]                PROVIDE (__end_noinit_RAM2 = .)
                [!provide]                PROVIDE (__end_noinit_SRAM_LOWER = .)

.noinit_RAM3    0x14000000        0x0
                [!provide]                PROVIDE (__start_noinit_RAM3 = .)
                [!provide]                PROVIDE (__start_noinit_FLEX_RAM = .)
 *(SORT_BY_ALIGNMENT(.noinit.$RAM3))
 *(SORT_BY_ALIGNMENT(.noinit.$FLEX_RAM))
 *(SORT_BY_ALIGNMENT(.noinit.$RAM3.*))
 *(SORT_BY_ALIGNMENT(.noinit.$FLEX_RAM.*))
                0x14000000                . = ALIGN (0x8)
                [!provide]                PROVIDE (__end_noinit_RAM3 = .)
                [!provide]                PROVIDE (__end_noinit_FLEX_RAM = .)

.noinit         0x20000168        0x0
                0x20000168                _noinit = .
                [!provide]                PROVIDE (__start_noinit_RAM = .)
                [!provide]                PROVIDE (__start_noinit_SRAM_UPPER = .)
 *(SORT_BY_ALIGNMENT(.noinit*))
                0x20000168                . = ALIGN (0x8)
                0x20000168                _end_noinit = .
                [!provide]                PROVIDE (__end_noinit_RAM = .)
                [!provide]                PROVIDE (__end_noinit_SRAM_UPPER = .)

.ARM.extab
 *(SORT_BY_ALIGNMENT(.ARM.extab*) SORT_BY_ALIGNMENT(.gnu.linkonce.armextab.*))

.ARM.exidx      0x00005748        0x0
                0x00005748                __exidx_start = .
 *(SORT_BY_ALIGNMENT(.ARM.exidx*) SORT_BY_ALIGNMENT(.gnu.linkonce.armexidx.*))
                0x00005748                __exidx_end = .
                0x00001000                _HeapSize = 0x1000

.heap           0x20000168     0x1000
                0x20000168                _pvHeapStart = .
                0x20001168                . = (. + _HeapSize)
 *fill*         0x20000168     0x1000 
                0x20001168                . = ALIGN (0x8)
                0x20001168                _pvHeapLimit = .
                0x00001000                _StackSize = 0x1000

.heap2stackfill
                0x20001168     0x1000
                0x20002168                . = (. + _StackSize)
 *fill*         0x20001168     0x1000 

.stack          0x2002f000        0x0
                0x2002f000                _vStackBase = .
                0x2002f000                . = ALIGN (0x8)
                0x20030000                _vStackTop = (. + _StackSize)
                0x00000000                _image_start = LOADADDR (.text)
                0x00005748                _image_end = (LOADADDR (.data) + SIZEOF (.data))
                0x00005748                _image_size = (_image_end - _image_start)
OUTPUT(FlexCAN_Test.axf elf32-littlearm)
LOAD linker stubs

.debug_info     0x00000000     0xff8e
 .debug_info    0x00000000      0xc24 ./utilities/fsl_debug_console.o
 .debug_info    0x00000c24      0xafc ./utilities/fsl_str.o
 .debug_info    0x00001720      0x93a ./startup/startup_mk64f12.o
 .debug_info    0x0000205a      0xc38 ./source/FlexCAN_Test.o
 .debug_info    0x00002c92       0x3c ./source/semihost_hardfault.o
 .debug_info    0x00002cce     0x21c3 ./drivers/fsl_clock.o
 .debug_info    0x00004e91     0x24ba ./drivers/fsl_flexcan.o
 .debug_info    0x0000734b     0x1e92 ./drivers/fsl_i2c.o
 .debug_info    0x000091dd      0x76b ./drivers/fsl_pit.o
 .debug_info    0x00009948     0x1f90 ./drivers/fsl_uart.o
 .debug_info    0x0000b8d8      0x649 ./device/system_MK64F12.o
 .debug_info    0x0000bf21      0xa7e ./component/uart/fsl_adapter_uart.o
 .debug_info    0x0000c99f      0x8f9 ./component/serial_manager/fsl_component_serial_manager.o
 .debug_info    0x0000d298      0x46b ./component/serial_manager/fsl_component_serial_port_uart.o
 .debug_info    0x0000d703       0xe8 ./board/board.o
 .debug_info    0x0000d7eb      0xcca ./board/clock_config.o
 .debug_info    0x0000e4b5      0xea0 ./board/peripherals.o
 .debug_info    0x0000f355      0xc39 ./board/pin_mux.o

.debug_abbrev   0x00000000     0x2772
 .debug_abbrev  0x00000000      0x232 ./utilities/fsl_debug_console.o
 .debug_abbrev  0x00000232      0x24d ./utilities/fsl_str.o
 .debug_abbrev  0x0000047f      0x185 ./startup/startup_mk64f12.o
 .debug_abbrev  0x00000604      0x2b5 ./source/FlexCAN_Test.o
 .debug_abbrev  0x000008b9       0x31 ./source/semihost_hardfault.o
 .debug_abbrev  0x000008ea      0x359 ./drivers/fsl_clock.o
 .debug_abbrev  0x00000c43      0x2f1 ./drivers/fsl_flexcan.o
 .debug_abbrev  0x00000f34      0x363 ./drivers/fsl_i2c.o
 .debug_abbrev  0x00001297      0x1eb ./drivers/fsl_pit.o
 .debug_abbrev  0x00001482      0x42e ./drivers/fsl_uart.o
 .debug_abbrev  0x000018b0      0x148 ./device/system_MK64F12.o
 .debug_abbrev  0x000019f8      0x1c9 ./component/uart/fsl_adapter_uart.o
 .debug_abbrev  0x00001bc1      0x23d ./component/serial_manager/fsl_component_serial_manager.o
 .debug_abbrev  0x00001dfe      0x167 ./component/serial_manager/fsl_component_serial_port_uart.o
 .debug_abbrev  0x00001f65       0x85 ./board/board.o
 .debug_abbrev  0x00001fea      0x246 ./board/clock_config.o
 .debug_abbrev  0x00002230      0x2b0 ./board/peripherals.o
 .debug_abbrev  0x000024e0      0x292 ./board/pin_mux.o

.debug_aranges  0x00000000      0xf18
 .debug_aranges
                0x00000000       0xa8 ./utilities/fsl_debug_console.o
 .debug_aranges
                0x000000a8       0xb8 ./utilities/fsl_str.o
 .debug_aranges
                0x00000160      0x330 ./startup/startup_mk64f12.o
 .debug_aranges
                0x00000490       0x68 ./source/FlexCAN_Test.o
 .debug_aranges
                0x000004f8       0x20 ./source/semihost_hardfault.o
 .debug_aranges
                0x00000518      0x1f8 ./drivers/fsl_clock.o
 .debug_aranges
                0x00000710      0x1a8 ./drivers/fsl_flexcan.o
 .debug_aranges
                0x000008b8      0x180 ./drivers/fsl_i2c.o
 .debug_aranges
                0x00000a38       0x40 ./drivers/fsl_pit.o
 .debug_aranges
                0x00000a78      0x1b8 ./drivers/fsl_uart.o
 .debug_aranges
                0x00000c30       0x30 ./device/system_MK64F12.o
 .debug_aranges
                0x00000c60       0x50 ./component/uart/fsl_adapter_uart.o
 .debug_aranges
                0x00000cb0       0x98 ./component/serial_manager/fsl_component_serial_manager.o
 .debug_aranges
                0x00000d48       0x48 ./component/serial_manager/fsl_component_serial_port_uart.o
 .debug_aranges
                0x00000d90       0x20 ./board/board.o
 .debug_aranges
                0x00000db0       0x80 ./board/clock_config.o
 .debug_aranges
                0x00000e30       0x60 ./board/peripherals.o
 .debug_aranges
                0x00000e90       0x88 ./board/pin_mux.o

.debug_ranges   0x00000000      0xe40
 .debug_ranges  0x00000000       0x98 ./utilities/fsl_debug_console.o
 .debug_ranges  0x00000098       0xd8 ./utilities/fsl_str.o
 .debug_ranges  0x00000170      0x320 ./startup/startup_mk64f12.o
 .debug_ranges  0x00000490       0x58 ./source/FlexCAN_Test.o
 .debug_ranges  0x000004e8       0x10 ./source/semihost_hardfault.o
 .debug_ranges  0x000004f8      0x1e8 ./drivers/fsl_clock.o
 .debug_ranges  0x000006e0      0x1b0 ./drivers/fsl_flexcan.o
 .debug_ranges  0x00000890      0x170 ./drivers/fsl_i2c.o
 .debug_ranges  0x00000a00       0x30 ./drivers/fsl_pit.o
 .debug_ranges  0x00000a30      0x1a8 ./drivers/fsl_uart.o
 .debug_ranges  0x00000bd8       0x20 ./device/system_MK64F12.o
 .debug_ranges  0x00000bf8       0x40 ./component/uart/fsl_adapter_uart.o
 .debug_ranges  0x00000c38       0x88 ./component/serial_manager/fsl_component_serial_manager.o
 .debug_ranges  0x00000cc0       0x38 ./component/serial_manager/fsl_component_serial_port_uart.o
 .debug_ranges  0x00000cf8       0x10 ./board/board.o
 .debug_ranges  0x00000d08       0x70 ./board/clock_config.o
 .debug_ranges  0x00000d78       0x50 ./board/peripherals.o
 .debug_ranges  0x00000dc8       0x78 ./board/pin_mux.o

.debug_macro    0x00000000    0x14921
 .debug_macro   0x00000000      0x1c8 ./utilities/fsl_debug_console.o
 .debug_macro   0x000001c8      0xaae ./utilities/fsl_debug_console.o
 .debug_macro   0x00000c76       0x10 ./utilities/fsl_debug_console.o
 .debug_macro   0x00000c86       0x16 ./utilities/fsl_debug_console.o
 .debug_macro   0x00000c9c       0x10 ./utilities/fsl_debug_console.o
 .debug_macro   0x00000cac      0x12e ./utilities/fsl_debug_console.o
 .debug_macro   0x00000dda       0x28 ./utilities/fsl_debug_console.o
 .debug_macro   0x00000e02       0x16 ./utilities/fsl_debug_console.o
 .debug_macro   0x00000e18       0x22 ./utilities/fsl_debug_console.o
 .debug_macro   0x00000e3a      0x5b3 ./utilities/fsl_debug_console.o
 .debug_macro   0x000013ed       0x10 ./utilities/fsl_debug_console.o
 .debug_macro   0x000013fd       0x58 ./utilities/fsl_debug_console.o
 .debug_macro   0x00001455       0x1c ./utilities/fsl_debug_console.o
 .debug_macro   0x00001471       0x22 ./utilities/fsl_debug_console.o
 .debug_macro   0x00001493       0xfb ./utilities/fsl_debug_console.o
 .debug_macro   0x0000158e      0xeeb ./utilities/fsl_debug_console.o
 .debug_macro   0x00002479       0x40 ./utilities/fsl_debug_console.o
 .debug_macro   0x000024b9     0xec5f ./utilities/fsl_debug_console.o
 .debug_macro   0x00011118     0x12e8 ./utilities/fsl_debug_console.o
 .debug_macro   0x00012400       0x7a ./utilities/fsl_debug_console.o
 .debug_macro   0x0001247a       0xa8 ./utilities/fsl_debug_console.o
 .debug_macro   0x00012522      0x174 ./utilities/fsl_debug_console.o
 .debug_macro   0x00012696       0x50 ./utilities/fsl_debug_console.o
 .debug_macro   0x000126e6       0x70 ./utilities/fsl_debug_console.o
 .debug_macro   0x00012756       0x46 ./utilities/fsl_debug_console.o
 .debug_macro   0x0001279c       0x16 ./utilities/fsl_debug_console.o
 .debug_macro   0x000127b2       0x66 ./utilities/fsl_debug_console.o
 .debug_macro   0x00012818       0x1c ./utilities/fsl_debug_console.o
 .debug_macro   0x00012834       0x1c ./utilities/fsl_debug_console.o
 .debug_macro   0x00012850      0x14e ./utilities/fsl_str.o
 .debug_macro   0x0001299e       0xc4 ./utilities/fsl_str.o
 .debug_macro   0x00012a62       0x1c ./utilities/fsl_str.o
 .debug_macro   0x00012a7e      0x1c7 ./utilities/fsl_str.o
 .debug_macro   0x00012c45       0x56 ./utilities/fsl_str.o
 .debug_macro   0x00012c9b       0x29 ./startup/startup_mk64f12.o
 .debug_macro   0x00012cc4      0x1e1 ./source/FlexCAN_Test.o
 .debug_macro   0x00012ea5       0xd8 ./source/FlexCAN_Test.o
 .debug_macro   0x00012f7d       0x22 ./source/FlexCAN_Test.o
 .debug_macro   0x00012f9f       0x16 ./source/FlexCAN_Test.o
 .debug_macro   0x00012fb5       0x16 ./source/FlexCAN_Test.o
 .debug_macro   0x00012fcb       0x16 ./source/FlexCAN_Test.o
 .debug_macro   0x00012fe1      0x1ab ./source/FlexCAN_Test.o
 .debug_macro   0x0001318c       0xf4 ./source/FlexCAN_Test.o
 .debug_macro   0x00013280       0x10 ./source/FlexCAN_Test.o
 .debug_macro   0x00013290       0x58 ./source/FlexCAN_Test.o
 .debug_macro   0x000132e8      0x2ca ./source/FlexCAN_Test.o
 .debug_macro   0x000135b2       0x16 ./source/FlexCAN_Test.o
 .debug_macro   0x000135c8       0x11 ./source/semihost_hardfault.o
 .debug_macro   0x000135d9      0x1d8 ./drivers/fsl_clock.o
 .debug_macro   0x000137b1      0x247 ./drivers/fsl_flexcan.o
 .debug_macro   0x000139f8       0xee ./drivers/fsl_flexcan.o
 .debug_macro   0x00013ae6      0x121 ./drivers/fsl_i2c.o
 .debug_macro   0x00013c07       0x1c ./drivers/fsl_i2c.o
 .debug_macro   0x00013c23      0x122 ./drivers/fsl_pit.o
 .debug_macro   0x00013d45      0x127 ./drivers/fsl_uart.o
 .debug_macro   0x00013e6c       0x10 ./drivers/fsl_uart.o
 .debug_macro   0x00013e7c       0x98 ./device/system_MK64F12.o
 .debug_macro   0x00013f14      0x11e ./component/uart/fsl_adapter_uart.o
 .debug_macro   0x00014032       0x16 ./component/uart/fsl_adapter_uart.o
 .debug_macro   0x00014048       0x46 ./component/uart/fsl_adapter_uart.o
 .debug_macro   0x0001408e      0x185 ./component/serial_manager/fsl_component_serial_manager.o
 .debug_macro   0x00014213       0x6a ./component/serial_manager/fsl_component_serial_manager.o
 .debug_macro   0x0001427d      0x14f ./component/serial_manager/fsl_component_serial_port_uart.o
 .debug_macro   0x000143cc      0x180 ./board/board.o
 .debug_macro   0x0001454c      0x17d ./board/clock_config.o
 .debug_macro   0x000146c9      0x131 ./board/peripherals.o
 .debug_macro   0x000147fa      0x127 ./board/pin_mux.o

.debug_line     0x00000000     0xa6bc
 .debug_line    0x00000000      0x8c9 ./utilities/fsl_debug_console.o
 .debug_line    0x000008c9      0xb08 ./utilities/fsl_str.o
 .debug_line    0x000013d1      0x911 ./startup/startup_mk64f12.o
 .debug_line    0x00001ce2      0x792 ./source/FlexCAN_Test.o
 .debug_line    0x00002474       0x59 ./source/semihost_hardfault.o
 .debug_line    0x000024cd     0x14e6 ./drivers/fsl_clock.o
 .debug_line    0x000039b3     0x142e ./drivers/fsl_flexcan.o
 .debug_line    0x00004de1     0x13d3 ./drivers/fsl_i2c.o
 .debug_line    0x000061b4      0x41d ./drivers/fsl_pit.o
 .debug_line    0x000065d1     0x14c0 ./drivers/fsl_uart.o
 .debug_line    0x00007a91      0x3ee ./device/system_MK64F12.o
 .debug_line    0x00007e7f      0x539 ./component/uart/fsl_adapter_uart.o
 .debug_line    0x000083b8      0x7ce ./component/serial_manager/fsl_component_serial_manager.o
 .debug_line    0x00008b86      0x589 ./component/serial_manager/fsl_component_serial_port_uart.o
 .debug_line    0x0000910f      0x53b ./board/board.o
 .debug_line    0x0000964a      0x549 ./board/clock_config.o
 .debug_line    0x00009b93      0x4b5 ./board/peripherals.o
 .debug_line    0x0000a048      0x674 ./board/pin_mux.o

.debug_str      0x00000000    0x86f04
 .debug_str     0x00000000    0x7bcd6 ./utilities/fsl_debug_console.o
                              0x7bdf3 (size before relaxing)
 .debug_str     0x0007bcd6      0xbfe ./utilities/fsl_str.o
                              0x7ab83 (size before relaxing)
 .debug_str     0x0007c8d4      0x7ac ./startup/startup_mk64f12.o
                               0x3634 (size before relaxing)
 .debug_str     0x0007d080     0x30a7 ./source/FlexCAN_Test.o
                              0x7e2ad (size before relaxing)
 .debug_str     0x00080127       0x1f ./source/semihost_hardfault.o
                               0x2dd9 (size before relaxing)
 .debug_str     0x00080146     0x1dee ./drivers/fsl_clock.o
                              0x7c530 (size before relaxing)
 .debug_str     0x00081f34     0x1dfa ./drivers/fsl_flexcan.o
                              0x7da35 (size before relaxing)
 .debug_str     0x00083d2e      0xcb1 ./drivers/fsl_i2c.o
                              0x7bc1f (size before relaxing)
 .debug_str     0x000849df       0xa2 ./drivers/fsl_pit.o
                              0x7a9bf (size before relaxing)
 .debug_str     0x00084a81      0xe0a ./drivers/fsl_uart.o
                              0x7be6a (size before relaxing)
 .debug_str     0x0008588b      0x11f ./device/system_MK64F12.o
                              0x78419 (size before relaxing)
 .debug_str     0x000859aa      0x2ec ./component/uart/fsl_adapter_uart.o
                              0x7adeb (size before relaxing)
 .debug_str     0x00085c96      0x40b ./component/serial_manager/fsl_component_serial_manager.o
                              0x7ae7c (size before relaxing)
 .debug_str     0x000860a1      0x106 ./component/serial_manager/fsl_component_serial_port_uart.o
                              0x7abd3 (size before relaxing)
 .debug_str     0x000861a7       0x37 ./board/board.o
                              0x7b5b4 (size before relaxing)
 .debug_str     0x000861de      0x506 ./board/clock_config.o
                              0x7b01d (size before relaxing)
 .debug_str     0x000866e4       0xd8 ./board/peripherals.o
                              0x7c26e (size before relaxing)
 .debug_str     0x000867bc      0x748 ./board/pin_mux.o
                              0x7b4d5 (size before relaxing)

.comment        0x00000000       0x49
 .comment       0x00000000       0x49 ./utilities/fsl_debug_console.o
                                 0x4a (size before relaxing)
 .comment       0x00000049       0x4a ./utilities/fsl_str.o
 .comment       0x00000049       0x4a ./startup/startup_mk64f12.o
 .comment       0x00000049       0x4a ./source/FlexCAN_Test.o
 .comment       0x00000049       0x4a ./source/semihost_hardfault.o
 .comment       0x00000049       0x4a ./drivers/fsl_clock.o
 .comment       0x00000049       0x4a ./drivers/fsl_flexcan.o
 .comment       0x00000049       0x4a ./drivers/fsl_i2c.o
 .comment       0x00000049       0x4a ./drivers/fsl_pit.o
 .comment       0x00000049       0x4a ./drivers/fsl_uart.o
 .comment       0x00000049       0x4a ./device/system_MK64F12.o
 .comment       0x00000049       0x4a ./component/uart/fsl_adapter_uart.o
 .comment       0x00000049       0x4a ./component/serial_manager/fsl_component_serial_manager.o
 .comment       0x00000049       0x4a ./component/serial_manager/fsl_component_serial_port_uart.o
 .comment       0x00000049       0x4a ./board/board.o
 .comment       0x00000049       0x4a ./board/clock_config.o
 .comment       0x00000049       0x4a ./board/peripherals.o
 .comment       0x00000049       0x4a ./board/pin_mux.o
 .comment       0x00000049       0x4a d:/nxp/mcuxpressoide_11.6.1_8255/ide/plugins/com.nxp.mcuxpresso.tools.win32_11.6.1.202207200623/tools/bin/../lib/gcc/arm-none-eabi/10.3.1/../../../../arm-none-eabi/lib/thumb/v7e-m+fp/hard\libcr_nohost_nf.a(_cr__main.o)
 .comment       0x00000049       0x4a d:/nxp/mcuxpressoide_11.6.1_8255/ide/plugins/com.nxp.mcuxpresso.tools.win32_11.6.1.202207200623/tools/bin/../lib/gcc/arm-none-eabi/10.3.1/../../../../arm-none-eabi/lib/thumb/v7e-m+fp/hard\libcr_nohost_nf.a(_cr_assert.o)
 .comment       0x00000049       0x4a d:/nxp/mcuxpressoide_11.6.1_8255/ide/plugins/com.nxp.mcuxpresso.tools.win32_11.6.1.202207200623/tools/bin/../lib/gcc/arm-none-eabi/10.3.1/../../../../arm-none-eabi/lib/thumb/v7e-m+fp/hard\libcr_nohost_nf.a(__ciob.o)
 .comment       0x00000049       0x4a d:/nxp/mcuxpressoide_11.6.1_8255/ide/plugins/com.nxp.mcuxpresso.tools.win32_11.6.1.202207200623/tools/bin/../lib/gcc/arm-none-eabi/10.3.1/../../../../arm-none-eabi/lib/thumb/v7e-m+fp/hard\libcr_nohost_nf.a(__sys_appexit.o)
 .comment       0x00000049       0x4a d:/nxp/mcuxpressoide_11.6.1_8255/ide/plugins/com.nxp.mcuxpresso.tools.win32_11.6.1.202207200623/tools/bin/../lib/gcc/arm-none-eabi/10.3.1/../../../../arm-none-eabi/lib/thumb/v7e-m+fp/hard\libcr_c.a(memcpy.o)
 .comment       0x00000049       0x4a d:/nxp/mcuxpressoide_11.6.1_8255/ide/plugins/com.nxp.mcuxpresso.tools.win32_11.6.1.202207200623/tools/bin/../lib/gcc/arm-none-eabi/10.3.1/../../../../arm-none-eabi/lib/thumb/v7e-m+fp/hard\libcr_c.a(memset.o)
 .comment       0x00000049       0x4a d:/nxp/mcuxpressoide_11.6.1_8255/ide/plugins/com.nxp.mcuxpresso.tools.win32_11.6.1.202207200623/tools/bin/../lib/gcc/arm-none-eabi/10.3.1/../../../../arm-none-eabi/lib/thumb/v7e-m+fp/hard\libcr_c.a(_deferredlazyseek.o)
 .comment       0x00000049       0x4a d:/nxp/mcuxpressoide_11.6.1_8255/ide/plugins/com.nxp.mcuxpresso.tools.win32_11.6.1.202207200623/tools/bin/../lib/gcc/arm-none-eabi/10.3.1/../../../../arm-none-eabi/lib/thumb/v7e-m+fp/hard\libcr_c.a(_fflush.o)
 .comment       0x00000049       0x4a d:/nxp/mcuxpressoide_11.6.1_8255/ide/plugins/com.nxp.mcuxpresso.tools.win32_11.6.1.202207200623/tools/bin/../lib/gcc/arm-none-eabi/10.3.1/../../../../arm-none-eabi/lib/thumb/v7e-m+fp/hard\libcr_c.a(_writebuf.o)
 .comment       0x00000049       0x4a d:/nxp/mcuxpressoide_11.6.1_8255/ide/plugins/com.nxp.mcuxpresso.tools.win32_11.6.1.202207200623/tools/bin/../lib/gcc/arm-none-eabi/10.3.1/../../../../arm-none-eabi/lib/thumb/v7e-m+fp/hard\libcr_c.a(alloc.o)
 .comment       0x00000049       0x4a d:/nxp/mcuxpressoide_11.6.1_8255/ide/plugins/com.nxp.mcuxpresso.tools.win32_11.6.1.202207200623/tools/bin/../lib/gcc/arm-none-eabi/10.3.1/../../../../arm-none-eabi/lib/thumb/v7e-m+fp/hard\libcr_c.a(errno.o)
 .comment       0x00000049       0x4a d:/nxp/mcuxpressoide_11.6.1_8255/ide/plugins/com.nxp.mcuxpresso.tools.win32_11.6.1.202207200623/tools/bin/../lib/gcc/arm-none-eabi/10.3.1/../../../../arm-none-eabi/lib/thumb/v7e-m+fp/hard\libcr_c.a(fputs.o)
 .comment       0x00000049       0x4a d:/nxp/mcuxpressoide_11.6.1_8255/ide/plugins/com.nxp.mcuxpresso.tools.win32_11.6.1.202207200623/tools/bin/../lib/gcc/arm-none-eabi/10.3.1/../../../../arm-none-eabi/lib/thumb/v7e-m+fp/hard\libcr_c.a(fseek.o)
 .comment       0x00000049       0x4a d:/nxp/mcuxpressoide_11.6.1_8255/ide/plugins/com.nxp.mcuxpresso.tools.win32_11.6.1.202207200623/tools/bin/../lib/gcc/arm-none-eabi/10.3.1/../../../../arm-none-eabi/lib/thumb/v7e-m+fp/hard\libcr_c.a(ftell.o)
 .comment       0x00000049       0x4a d:/nxp/mcuxpressoide_11.6.1_8255/ide/plugins/com.nxp.mcuxpresso.tools.win32_11.6.1.202207200623/tools/bin/../lib/gcc/arm-none-eabi/10.3.1/../../../../arm-none-eabi/lib/thumb/v7e-m+fp/hard\libcr_c.a(initio.o)
 .comment       0x00000049       0x4a d:/nxp/mcuxpressoide_11.6.1_8255/ide/plugins/com.nxp.mcuxpresso.tools.win32_11.6.1.202207200623/tools/bin/../lib/gcc/arm-none-eabi/10.3.1/../../../../arm-none-eabi/lib/thumb/v7e-m+fp/hard\libcr_c.a(printf.o)
 .comment       0x00000049       0x4a d:/nxp/mcuxpressoide_11.6.1_8255/ide/plugins/com.nxp.mcuxpresso.tools.win32_11.6.1.202207200623/tools/bin/../lib/gcc/arm-none-eabi/10.3.1/../../../../arm-none-eabi/lib/thumb/v7e-m+fp/hard\libcr_c.a(setvbuf.o)
 .comment       0x00000049       0x4a d:/nxp/mcuxpressoide_11.6.1_8255/ide/plugins/com.nxp.mcuxpresso.tools.win32_11.6.1.202207200623/tools/bin/../lib/gcc/arm-none-eabi/10.3.1/../../../../arm-none-eabi/lib/thumb/v7e-m+fp/hard\libcr_c.a(strlen.o)
 .comment       0x00000049       0x4a d:/nxp/mcuxpressoide_11.6.1_8255/ide/plugins/com.nxp.mcuxpresso.tools.win32_11.6.1.202207200623/tools/bin/../lib/gcc/arm-none-eabi/10.3.1/../../../../arm-none-eabi/lib/thumb/v7e-m+fp/hard\libcr_c.a(__init_alloc.o)
 .comment       0x00000049       0x4a d:/nxp/mcuxpressoide_11.6.1_8255/ide/plugins/com.nxp.mcuxpresso.tools.win32_11.6.1.202207200623/tools/bin/../lib/gcc/arm-none-eabi/10.3.1/../../../../arm-none-eabi/lib/thumb/v7e-m+fp/hard\libcr_c.a(_cr_sbrk.o)
 .comment       0x00000049       0x4a d:/nxp/mcuxpressoide_11.6.1_8255/ide/plugins/com.nxp.mcuxpresso.tools.win32_11.6.1.202207200623/tools/bin/../lib/gcc/arm-none-eabi/10.3.1/../../../../arm-none-eabi/lib/thumb/v7e-m+fp/hard\libcr_c.a(_fdopen.o)
 .comment       0x00000049       0x4a d:/nxp/mcuxpressoide_11.6.1_8255/ide/plugins/com.nxp.mcuxpresso.tools.win32_11.6.1.202207200623/tools/bin/../lib/gcc/arm-none-eabi/10.3.1/../../../../arm-none-eabi/lib/thumb/v7e-m+fp/hard\libcr_c.a(fclose.o)
 .comment       0x00000049       0x4a d:/nxp/mcuxpressoide_11.6.1_8255/ide/plugins/com.nxp.mcuxpresso.tools.win32_11.6.1.202207200623/tools/bin/../lib/gcc/arm-none-eabi/10.3.1/../../../../arm-none-eabi/lib/thumb/v7e-m+fp/hard\libcr_c.a(fflush.o)
 .comment       0x00000049       0x4a d:/nxp/mcuxpressoide_11.6.1_8255/ide/plugins/com.nxp.mcuxpresso.tools.win32_11.6.1.202207200623/tools/bin/../lib/gcc/arm-none-eabi/10.3.1/../../../../arm-none-eabi/lib/thumb/v7e-m+fp/hard\libcr_c.a(remove.o)
 .comment       0x00000049       0x4a d:/nxp/mcuxpressoide_11.6.1_8255/ide/plugins/com.nxp.mcuxpresso.tools.win32_11.6.1.202207200623/tools/bin/../lib/gcc/arm-none-eabi/10.3.1/../../../../arm-none-eabi/lib/thumb/v7e-m+fp/hard\libcr_c.a(_cr_check_heap.o)
 .comment       0x00000049       0x4a d:/nxp/mcuxpressoide_11.6.1_8255/ide/plugins/com.nxp.mcuxpresso.tools.win32_11.6.1.202207200623/tools/bin/../lib/gcc/arm-none-eabi/10.3.1/../../../../arm-none-eabi/lib/thumb/v7e-m+fp/hard\libcr_c.a(_do_fflush.o)
 .comment       0x00000049       0x4a d:/nxp/mcuxpressoide_11.6.1_8255/ide/plugins/com.nxp.mcuxpresso.tools.win32_11.6.1.202207200623/tools/bin/../lib/gcc/arm-none-eabi/10.3.1/../../../../arm-none-eabi/lib/thumb/v7e-m+fp/hard\libcr_nohost_nf.a(__sys_close.o)
 .comment       0x00000049       0x4a d:/nxp/mcuxpressoide_11.6.1_8255/ide/plugins/com.nxp.mcuxpresso.tools.win32_11.6.1.202207200623/tools/bin/../lib/gcc/arm-none-eabi/10.3.1/../../../../arm-none-eabi/lib/thumb/v7e-m+fp/hard\libcr_nohost_nf.a(__sys_flen.o)
 .comment       0x00000049       0x4a d:/nxp/mcuxpressoide_11.6.1_8255/ide/plugins/com.nxp.mcuxpresso.tools.win32_11.6.1.202207200623/tools/bin/../lib/gcc/arm-none-eabi/10.3.1/../../../../arm-none-eabi/lib/thumb/v7e-m+fp/hard\libcr_nohost_nf.a(__sys_istty.o)
 .comment       0x00000049       0x4a d:/nxp/mcuxpressoide_11.6.1_8255/ide/plugins/com.nxp.mcuxpresso.tools.win32_11.6.1.202207200623/tools/bin/../lib/gcc/arm-none-eabi/10.3.1/../../../../arm-none-eabi/lib/thumb/v7e-m+fp/hard\libcr_nohost_nf.a(__sys_remove.o)
 .comment       0x00000049       0x4a d:/nxp/mcuxpressoide_11.6.1_8255/ide/plugins/com.nxp.mcuxpresso.tools.win32_11.6.1.202207200623/tools/bin/../lib/gcc/arm-none-eabi/10.3.1/../../../../arm-none-eabi/lib/thumb/v7e-m+fp/hard\libcr_nohost_nf.a(__sys_seek.o)
 .comment       0x00000049       0x4a d:/nxp/mcuxpressoide_11.6.1_8255/ide/plugins/com.nxp.mcuxpresso.tools.win32_11.6.1.202207200623/tools/bin/../lib/gcc/arm-none-eabi/10.3.1/../../../../arm-none-eabi/lib/thumb/v7e-m+fp/hard\libcr_nohost_nf.a(__sys_tmpnam.o)
 .comment       0x00000049       0x4a d:/nxp/mcuxpressoide_11.6.1_8255/ide/plugins/com.nxp.mcuxpresso.tools.win32_11.6.1.202207200623/tools/bin/../lib/gcc/arm-none-eabi/10.3.1/../../../../arm-none-eabi/lib/thumb/v7e-m+fp/hard\libcr_nohost_nf.a(__sys_write.o)

.ARM.attributes
                0x00000000       0x32
 .ARM.attributes
                0x00000000       0x34 ./utilities/fsl_debug_console.o
 .ARM.attributes
                0x00000034       0x34 ./utilities/fsl_str.o
 .ARM.attributes
                0x00000068       0x34 ./startup/startup_mk64f12.o
 .ARM.attributes
                0x0000009c       0x34 ./source/FlexCAN_Test.o
 .ARM.attributes
                0x000000d0       0x34 ./source/semihost_hardfault.o
 .ARM.attributes
                0x00000104       0x34 ./drivers/fsl_clock.o
 .ARM.attributes
                0x00000138       0x34 ./drivers/fsl_flexcan.o
 .ARM.attributes
                0x0000016c       0x34 ./drivers/fsl_i2c.o
 .ARM.attributes
                0x000001a0       0x34 ./drivers/fsl_pit.o
 .ARM.attributes
                0x000001d4       0x34 ./drivers/fsl_uart.o
 .ARM.attributes
                0x00000208       0x34 ./device/system_MK64F12.o
 .ARM.attributes
                0x0000023c       0x34 ./component/uart/fsl_adapter_uart.o
 .ARM.attributes
                0x00000270       0x34 ./component/serial_manager/fsl_component_serial_manager.o
 .ARM.attributes
                0x000002a4       0x34 ./component/serial_manager/fsl_component_serial_port_uart.o
 .ARM.attributes
                0x000002d8       0x34 ./board/board.o
 .ARM.attributes